Archive member included because of file (symbol)

contiki-cmote.a(contiki-z1-plat)
                              obj_cmote/contiki-z1-main.o (init_platform)
contiki-cmote.a(msp430.o)     obj_cmote/contiki-z1-main.o (msp430_cpu_init)
contiki-cmote.a(leds.o)       obj_cmote/contiki-z1-main.o (leds_init)
contiki-cmote.a(leds-arch.o)  contiki-cmote.a(leds.o) (leds_arch_init)
contiki-cmote.a(watchdog.o)   obj_cmote/contiki-z1-main.o (watchdog_stop)
contiki-cmote.a(cc2520.o)     obj_cmote/contiki-z1-main.o (cc2520_init)
contiki-cmote.a(cc2520-arch.o)
                              contiki-cmote.a(cc2520.o) (cc2520_arch_init)
contiki-cmote.a(button-sensor.o)
                              obj_cmote/contiki-z1-main.o (button_sensor)
contiki-cmote.a(uart1.o)      obj_cmote/contiki-z1-main.o (uart1_init)
contiki-cmote.a(uart1-putchar.o)
                              obj_cmote/contiki-z1-main.o (putchar)
contiki-cmote.a(clock.o)      obj_cmote/contiki-z1-main.o (clock_init)
contiki-cmote.a(rtimer-arch.o)
                              obj_cmote/contiki-z1-main.o (rtimer_arch_now)
contiki-cmote.a(autostart.o)  obj_cmote/contiki-z1-main.o (autostart_start)
contiki-cmote.a(energest.o)   obj_cmote/contiki-z1-main.o (energest_init)
contiki-cmote.a(ctimer.o)     obj_cmote/contiki-z1-main.o (ctimer_init)
contiki-cmote.a(etimer.o)     contiki-cmote.a(clock.o) (etimer_request_poll)
contiki-cmote.a(process.o)    contiki-cmote.a(ctimer.o) (process_current)
contiki-cmote.a(rtimer.o)     obj_cmote/contiki-z1-main.o (rtimer_init)
contiki-cmote.a(timer.o)      contiki-cmote.a(button-sensor.o) (timer_set)
contiki-cmote.a(list.o)       contiki-cmote.a(ctimer.o) (list_init)
contiki-cmote.a(ringbuf.o)    contiki-cmote.a(uart1.o) (ringbuf_get)
contiki-cmote.a(packetbuf.o)  contiki-cmote.a(cc2520.o) (packetbuf_set_datalen)
contiki-cmote.a(linkaddr.o)   contiki-cmote.a(packetbuf.o) (linkaddr_copy)
contiki-cmote.a(contikimac.o)
                              contiki-cmote.a(cc2520.o) (contikimac_driver)
contiki-cmote.a(spi.o)        contiki-cmote.a(cc2520-arch.o) (spi_init)
contiki-cmote.a(sensors.o)    contiki-cmote.a(button-sensor.o) (sensors_changed)
contiki-cmote.a(queuebuf.o)   contiki-cmote.a(contikimac.o) (queuebuf_update_from_packetbuf)
contiki-cmote.a(mac-sequence.o)
                              contiki-cmote.a(contikimac.o) (mac_sequence_is_duplicate)
contiki-cmote.a(framer-802154.o)
                              contiki-cmote.a(contikimac.o) (framer_802154)
contiki-cmote.a(frame802154.o)
                              contiki-cmote.a(framer-802154.o) (frame802154_hdrlen)
contiki-cmote.a(mac.o)        contiki-cmote.a(contikimac.o) (mac_call_sent_callback)
contiki-cmote.a(csma.o)       contiki-cmote.a(contikimac.o) (csma_driver)
contiki-cmote.a(framer.o)     contiki-cmote.a(framer-802154.o) (framer_canonical_create_and_secure)
contiki-cmote.a(nullsec.o)    contiki-cmote.a(csma.o) (nullsec_driver)
contiki-cmote.a(memb.o)       contiki-cmote.a(queuebuf.o) (memb_init)
contiki-cmote.a(random.o)     contiki-cmote.a(framer-802154.o) (random_rand)
contiki-cmote.a(sicslowpan.o)
                              contiki-cmote.a(nullsec.o) (sicslowpan_driver)
contiki-cmote.a(tcpip.o)      contiki-cmote.a(sicslowpan.o) (tcpip_set_outputfunc)
contiki-cmote.a(rpl-dag.o)    contiki-cmote.a(tcpip.o) (rpl_repair_root)
contiki-cmote.a(rpl-timers.o)
                              contiki-cmote.a(rpl-dag.o) (rpl_reset_dio_timer)
contiki-cmote.a(rpl-ext-header.)
                              contiki-cmote.a(tcpip.o) (rpl_update_header_final)
contiki-cmote.a(rpl.o)        contiki-cmote.a(rpl-timers.o) (rpl_get_mode)
contiki-cmote.a(rpl-mrhof.o)  contiki-cmote.a(rpl-dag.o) (rpl_mrhof)
contiki-cmote.a(nbr-table.o)  contiki-cmote.a(rpl-dag.o) (nbr_table_register)
contiki-cmote.a(stimer.o)     contiki-cmote.a(tcpip.o) (stimer_set)
contiki-cmote.a(uip-ds6.o)    contiki-cmote.a(tcpip.o) (uip_ds6_is_addr_onlink)
contiki-cmote.a(uip-ds6-route.o)
                              contiki-cmote.a(uip-ds6.o) (uip_ds6_route_init)
contiki-cmote.a(uip6.o)       contiki-cmote.a(sicslowpan.o) (uip_aligned_buf)
contiki-cmote.a(uip-ds6-nbr.o)
                              contiki-cmote.a(rpl-dag.o) (ds6_neighbors)
contiki-cmote.a(uip-nd6.o)    contiki-cmote.a(tcpip.o) (uip_nd6_ns_output)
contiki-cmote.a(uip-debug.o)  contiki-cmote.a(uip-ds6-route.o) (uip_debug_ipaddr_print)
contiki-cmote.a(rpl-icmp6.o)  contiki-cmote.a(rpl-timers.o) (dis_output)
contiki-cmote.a(uip-icmp6.o)  contiki-cmote.a(uip6.o) (uip_icmp6_input)
/usr/lib/gcc/msp430/4.6.3/mcpu-430x/mmpy-16/libgcc.a(_mulsi3.o)
                              contiki-cmote.a(csma.o) (__mulsi3)
/usr/lib/gcc/msp430/4.6.3/mcpu-430x/mmpy-16/libgcc.a(_udivmod16.o)
                              contiki-cmote.a(rpl-dag.o) (__udivhi3)
/usr/lib/gcc/msp430/4.6.3/mcpu-430x/mmpy-16/libgcc.a(_divmod16.o)
                              contiki-cmote.a(sicslowpan.o) (__divhi3)
/usr/lib/gcc/msp430/4.6.3/mcpu-430x/mmpy-16/libgcc.a(_udivmod32.o)
[...]
Memory Configuration

Name             Origin             Length             Attributes
sfr              0x0000000000000000 0x0000000000000010
peripheral_8bit  0x0000000000000010 0x00000000000000f0
peripheral_16bit 0x0000000000000100 0x0000000000000100
ram_mirror       0x0000000000000200 0x0000000000000800 xw
infomem          0x0000000000001000 0x0000000000000100
infod            0x0000000000001000 0x0000000000000040
infoc            0x0000000000001040 0x0000000000000040
infob            0x0000000000001080 0x0000000000000040
infoa            0x00000000000010c0 0x0000000000000040
ram              0x0000000000001100 0x0000000000002000 xw
rom              0x0000000000003100 0x000000000000cebe xr
vectors          0x000000000000ffc0 0x0000000000000040
far_rom          0x0000000000010000 0x0000000000010000
bsl              0x0000000000000000 0x0000000000000000
ram2             0x0000000000000000 0x0000000000000000 xw
usbram           0x0000000000000000 0x0000000000000000 xw
*default*        0x0000000000000000 0xffffffffffffffff

Linker script and memory map

LOAD /usr/lib/gcc/msp430/4.6.3/mcpu-430x/mmpy-16/crt0ivtbl32.o
                0x0000000000000041                __P1SEL2 = 0x41
                0x0000000000000045                __P5SEL2 = 0x45
LOAD tx.co
LOAD obj_cmote/contiki-z1-main.o
LOAD contiki-cmote.a
LOAD /usr/lib/gcc/msp430/4.6.3/mcpu-430x/mmpy-16/libgcc.a
LOAD /usr/lib/gcc/msp430/4.6.3/../../../../msp430/lib/mcpu-430x/mmpy-16/libc.a
LOAD /usr/lib/gcc/msp430/4.6.3/mcpu-430x/mmpy-16/libgcc.a
LOAD /usr/lib/gcc/msp430/4.6.3/mcpu-430x/mmpy-16/libcrt0.a
                0x0000000000000040                PROVIDE (__info_segment_size, 0x40)
                0x0000000000001000                PROVIDE (__infod, 0x1000)
                0x0000000000001040                PROVIDE (__infoc, 0x1040)
                0x0000000000001080                PROVIDE (__infob, 0x1080)
                0x00000000000010c0                PROVIDE (__infoa, 0x10c0)
                0x0000000000000000                __IE1 = 0x0
                0x0000000000000002                __IFG1 = 0x2
                0x0000000000000001                __IE2 = 0x1
                0x0000000000000003                __IFG2 = 0x3
                0x0000000000000006                __UC1IE = 0x6
                0x0000000000000007                __UC1IFG = 0x7
                0x00000000000001a0                __ADC12CTL0 = 0x1a0
                0x00000000000001a2                __ADC12CTL1 = 0x1a2
                0x00000000000001a4                __ADC12IFG = 0x1a4
                0x00000000000001a6                __ADC12IE = 0x1a6
                0x00000000000001a8                __ADC12IV = 0x1a8
                0x0000000000000140                __ADC12MEM0 = 0x140
                0x0000000000000142                __ADC12MEM1 = 0x142
                0x0000000000000144                __ADC12MEM2 = 0x144
                0x0000000000000146                __ADC12MEM3 = 0x146
                0x0000000000000148                __ADC12MEM4 = 0x148
                0x000000000000014a                __ADC12MEM5 = 0x14a
                0x000000000000014c                __ADC12MEM6 = 0x14c
                0x000000000000014e                __ADC12MEM7 = 0x14e
                0x0000000000000150                __ADC12MEM8 = 0x150
                0x0000000000000152                __ADC12MEM9 = 0x152
                0x0000000000000154                __ADC12MEM10 = 0x154
                0x0000000000000156                __ADC12MEM11 = 0x156
                0x0000000000000158                __ADC12MEM12 = 0x158
                0x000000000000015a                __ADC12MEM13 = 0x15a
                0x000000000000015c                __ADC12MEM14 = 0x15c
                0x000000000000015e                __ADC12MEM15 = 0x15e
                0x0000000000000080                __ADC12MCTL0 = 0x80
                0x0000000000000081                __ADC12MCTL1 = 0x81
                0x0000000000000082                __ADC12MCTL2 = 0x82
                0x0000000000000083                __ADC12MCTL3 = 0x83
                0x0000000000000084                __ADC12MCTL4 = 0x84
                0x0000000000000085                __ADC12MCTL5 = 0x85
                0x0000000000000086                __ADC12MCTL6 = 0x86
                0x0000000000000087                __ADC12MCTL7 = 0x87
                0x0000000000000088                __ADC12MCTL8 = 0x88
                0x0000000000000089                __ADC12MCTL9 = 0x89
                0x000000000000008a                __ADC12MCTL10 = 0x8a
                0x000000000000008b                __ADC12MCTL11 = 0x8b
                0x000000000000008c                __ADC12MCTL12 = 0x8c
                0x000000000000008d                __ADC12MCTL13 = 0x8d
                0x000000000000008e                __ADC12MCTL14 = 0x8e
                0x000000000000008f                __ADC12MCTL15 = 0x8f
                0x0000000000000056                __DCOCTL = 0x56
                0x0000000000000057                __BCSCTL1 = 0x57
                0x0000000000000058                __BCSCTL2 = 0x58
                0x0000000000000053                __BCSCTL3 = 0x53
                0x0000000000000059                __CACTL1 = 0x59
                0x000000000000005a                __CACTL2 = 0x5a
                0x000000000000005b                __CAPD = 0x5b
                0x00000000000001c0                __DAC12_0CTL = 0x1c0
                0x00000000000001c2                __DAC12_1CTL = 0x1c2
                0x00000000000001c8                __DAC12_0DAT = 0x1c8
                0x00000000000001ca                __DAC12_1DAT = 0x1ca
                0x0000000000000122                __DMACTL0 = 0x122
                0x0000000000000124                __DMACTL1 = 0x124
                0x0000000000000126                __DMAIV = 0x126
                0x00000000000001d0                __DMA0CTL = 0x1d0
                0x00000000000001dc                __DMA1CTL = 0x1dc
                0x00000000000001e8                __DMA2CTL = 0x1e8
                0x00000000000001d2                __DMA0SA = 0x1d2
                0x00000000000001d2                __DMA0SAL = 0x1d2
                0x00000000000001d6                __DMA0DA = 0x1d6
                0x00000000000001d6                __DMA0DAL = 0x1d6
                0x00000000000001da                __DMA0SZ = 0x1da
                0x00000000000001de                __DMA1SA = 0x1de
                0x00000000000001de                __DMA1SAL = 0x1de
                0x00000000000001e2                __DMA1DA = 0x1e2
                0x00000000000001e2                __DMA1DAL = 0x1e2
                0x00000000000001e6                __DMA1SZ = 0x1e6
                0x00000000000001ea                __DMA2SA = 0x1ea
                0x00000000000001ea                __DMA2SAL = 0x1ea
                0x00000000000001ee                __DMA2DA = 0x1ee
                0x00000000000001ee                __DMA2DAL = 0x1ee
                0x00000000000001f2                __DMA2SZ = 0x1f2
                0x0000000000000128                __FCTL1 = 0x128
                0x000000000000012a                __FCTL2 = 0x12a
                0x000000000000012c                __FCTL3 = 0x12c
                0x00000000000001be                __FCTL4 = 0x1be
                0x0000000000000130                __MPY = 0x130
                0x0000000000000132                __MPYS = 0x132
                0x0000000000000134                __MAC = 0x134
                0x0000000000000136                __MACS = 0x136
                0x0000000000000138                __OP2 = 0x138
                0x000000000000013a                __RESLO = 0x13a
                0x000000000000013c                __RESHI = 0x13c
                0x000000000000013e                __SUMEXT = 0x13e
                0x0000000000000020                __P1IN = 0x20
                0x0000000000000021                __P1OUT = 0x21
                0x0000000000000022                __P1DIR = 0x22
                0x0000000000000023                __P1IFG = 0x23
                0x0000000000000024                __P1IES = 0x24
                0x0000000000000025                __P1IE = 0x25
                0x0000000000000026                __P1SEL = 0x26
                0x0000000000000027                __P1REN = 0x27
                0x0000000000000028                __P2IN = 0x28
                0x0000000000000029                __P2OUT = 0x29
                0x000000000000002a                __P2DIR = 0x2a
                0x000000000000002b                __P2IFG = 0x2b
                0x000000000000002c                __P2IES = 0x2c
                0x000000000000002d                __P2IE = 0x2d
                0x000000000000002e                __P2SEL = 0x2e
                0x000000000000002f                __P2REN = 0x2f
                0x0000000000000018                __P3IN = 0x18
                0x0000000000000019                __P3OUT = 0x19
                0x000000000000001a                __P3DIR = 0x1a
                0x000000000000001b                __P3SEL = 0x1b
                0x0000000000000010                __P3REN = 0x10
                0x000000000000001c                __P4IN = 0x1c
                0x000000000000001d                __P4OUT = 0x1d
                0x000000000000001e                __P4DIR = 0x1e
                0x000000000000001f                __P4SEL = 0x1f
                0x0000000000000011                __P4REN = 0x11
                0x0000000000000030                __P5IN = 0x30
                0x0000000000000031                __P5OUT = 0x31
                0x0000000000000032                __P5DIR = 0x32
                0x0000000000000033                __P5SEL = 0x33
                0x0000000000000012                __P5REN = 0x12
                0x0000000000000034                __P6IN = 0x34
                0x0000000000000035                __P6OUT = 0x35
                0x0000000000000036                __P6DIR = 0x36
                0x0000000000000037                __P6SEL = 0x37
                0x0000000000000013                __P6REN = 0x13
                0x0000000000000038                __P7IN = 0x38
                0x000000000000003a                __P7OUT = 0x3a
                0x000000000000003c                __P7DIR = 0x3c
                0x000000000000003e                __P7SEL = 0x3e
                0x0000000000000014                __P7REN = 0x14
                0x0000000000000039                __P8IN = 0x39
                0x000000000000003b                __P8OUT = 0x3b
                0x000000000000003d                __P8DIR = 0x3d
                0x000000000000003f                __P8SEL = 0x3f
                0x0000000000000015                __P8REN = 0x15
                0x0000000000000038                __PAIN = 0x38
                0x000000000000003a                __PAOUT = 0x3a
                0x000000000000003c                __PADIR = 0x3c
                0x000000000000003e                __PASEL = 0x3e
                0x0000000000000014                __PAREN = 0x14
                0x0000000000000055                __SVSCTL = 0x55
                0x000000000000012e                __TAIV = 0x12e
                0x0000000000000160                __TACTL = 0x160
                0x0000000000000162                __TACCTL0 = 0x162
                0x0000000000000164                __TACCTL1 = 0x164
                0x0000000000000166                __TACCTL2 = 0x166
                0x0000000000000170                __TAR = 0x170
                0x0000000000000172                __TACCR0 = 0x172
                0x0000000000000174                __TACCR1 = 0x174
                0x0000000000000176                __TACCR2 = 0x176
                0x000000000000011e                __TBIV = 0x11e
                0x0000000000000180                __TBCTL = 0x180
                0x0000000000000182                __TBCCTL0 = 0x182
                0x0000000000000184                __TBCCTL1 = 0x184
                0x0000000000000186                __TBCCTL2 = 0x186
                0x0000000000000188                __TBCCTL3 = 0x188
                0x000000000000018a                __TBCCTL4 = 0x18a
                0x000000000000018c                __TBCCTL5 = 0x18c
                0x000000000000018e                __TBCCTL6 = 0x18e
                0x0000000000000190                __TBR = 0x190
                0x0000000000000192                __TBCCR0 = 0x192
                0x0000000000000194                __TBCCR1 = 0x194
                0x0000000000000196                __TBCCR2 = 0x196
                0x0000000000000198                __TBCCR3 = 0x198
                0x000000000000019a                __TBCCR4 = 0x19a
                0x000000000000019c                __TBCCR5 = 0x19c
                0x000000000000019e                __TBCCR6 = 0x19e
                0x0000000000000060                __UCA0CTL0 = 0x60
                0x0000000000000061                __UCA0CTL1 = 0x61
                0x0000000000000062                __UCA0BR0 = 0x62
                0x0000000000000063                __UCA0BR1 = 0x63
                0x0000000000000064                __UCA0MCTL = 0x64
                0x0000000000000065                __UCA0STAT = 0x65
                0x0000000000000066                __UCA0RXBUF = 0x66
                0x0000000000000067                __UCA0TXBUF = 0x67
                0x000000000000005d                __UCA0ABCTL = 0x5d
                0x000000000000005e                __UCA0IRTCTL = 0x5e
                0x000000000000005f                __UCA0IRRCTL = 0x5f
                0x0000000000000068                __UCB0CTL0 = 0x68
                0x0000000000000069                __UCB0CTL1 = 0x69
                0x000000000000006a                __UCB0BR0 = 0x6a
                0x000000000000006b                __UCB0BR1 = 0x6b
                0x000000000000006c                __UCB0I2CIE = 0x6c
                0x000000000000006d                __UCB0STAT = 0x6d
                0x000000000000006e                __UCB0RXBUF = 0x6e
                0x000000000000006f                __UCB0TXBUF = 0x6f
                0x0000000000000118                __UCB0I2COA = 0x118
                0x000000000000011a                __UCB0I2CSA = 0x11a
                0x00000000000000d0                __UCA1CTL0 = 0xd0
                0x00000000000000d1                __UCA1CTL1 = 0xd1
                0x00000000000000d2                __UCA1BR0 = 0xd2
                0x00000000000000d3                __UCA1BR1 = 0xd3
                0x00000000000000d4                __UCA1MCTL = 0xd4
                0x00000000000000d5                __UCA1STAT = 0xd5
                0x00000000000000d6                __UCA1RXBUF = 0xd6
                0x00000000000000d7                __UCA1TXBUF = 0xd7
                0x00000000000000cd                __UCA1ABCTL = 0xcd
                0x00000000000000ce                __UCA1IRTCTL = 0xce
                0x00000000000000cf                __UCA1IRRCTL = 0xcf
                0x00000000000000d8                __UCB1CTL0 = 0xd8
                0x00000000000000d9                __UCB1CTL1 = 0xd9
                0x00000000000000da                __UCB1BR0 = 0xda
                0x00000000000000db                __UCB1BR1 = 0xdb
                0x00000000000000dc                __UCB1I2CIE = 0xdc
                0x00000000000000dd                __UCB1STAT = 0xdd
                0x00000000000000de                __UCB1RXBUF = 0xde
                0x00000000000000df                __UCB1TXBUF = 0xdf
                0x000000000000017c                __UCB1I2COA = 0x17c
                0x000000000000017e                __UCB1I2CSA = 0x17e
                0x0000000000000120                __WDTCTL = 0x120
                0x00000000000010c0                __TLV_CHECKSUM = 0x10c0
                0x00000000000010f6                __TLV_DCO_30_TAG = 0x10f6
                0x00000000000010f7                __TLV_DCO_30_LEN = 0x10f7
                0x00000000000010da                __TLV_ADC12_1_TAG = 0x10da
                0x00000000000010db                __TLV_ADC12_1_LEN = 0x10db
                0x00000000000010f8                __CALDCO_16MHZ = 0x10f8
                0x00000000000010f9                __CALBC1_16MHZ = 0x10f9
                0x00000000000010fa                __CALDCO_12MHZ = 0x10fa
                0x00000000000010fb                __CALBC1_12MHZ = 0x10fb
                0x00000000000010fc                __CALDCO_8MHZ = 0x10fc
                0x00000000000010fd                __CALBC1_8MHZ = 0x10fd
                0x00000000000010fe                __CALDCO_1MHZ = 0x10fe
                0x00000000000010ff                __CALBC1_1MHZ = 0x10ff

.hash
 *(.hash)

.dynsym
 *(.dynsym)

.dynstr
 *(.dynstr)

.gnu.version
 *(.gnu.version)

.gnu.version_d
 *(.gnu.version_d)

.gnu.version_r
 *(.gnu.version_r)

.rel.init
 *(.rel.init)

.rela.init
 *(.rela.init)

.rel.fini
 *(.rel.fini)

.rela.fini
 *(.rela.fini)

.rel.text
 *(.rel.text .rel.text.* .rel.gnu.linkonce.t.*)

.rela.text
 *(.rela.text .rela.text.* .rela.gnu.linkonce.t.*)

.rel.rodata
 *(.rel.rodata .rel.rodata.* .rel.gnu.linkonce.r.*)

.rela.rodata
 *(.rela.rodata .rela.rodata.* .rela.gnu.linkonce.r.*)

.rel.data
 *(.rel.data .rel.data.* .rel.gnu.linkonce.d.*)

.rela.data
 *(.rela.data .rela.data.* .rela.gnu.linkonce.d.*)

.rel.bss
 *(.rel.bss .rel.bss.* .rel.gnu.linkonce.b.*)

.rela.bss
 *(.rela.bss .rela.bss.* .rela.gnu.linkonce.b.*)

.rel.ctors
 *(.rel.ctors)

.rela.ctors
 *(.rela.ctors)

.rel.dtors
 *(.rel.dtors)

.rela.dtors
 *(.rela.dtors)

.rel.got
 *(.rel.got)

.rela.got
 *(.rela.got)

.rel.plt
 *(.rel.plt)

.rela.plt
 *(.rela.plt)

.text           0x0000000000003100     0xafae
                0x0000000000003100                . = ALIGN (0x2)
 *(.init .init.*)
 *(.init0)
 .init0         0x0000000000003100        0x0 /usr/lib/gcc/msp430/4.6.3/mcpu-430x/mmpy-16/libcrt0.a(_reset_vector__.o)
                0x0000000000003100                _reset_vector__
 *(.init1)
 .init1         0x0000000000003100        0xc /usr/lib/gcc/msp430/4.6.3/mcpu-430x/mmpy-16/libcrt0.a(__watchdog_support.o)
                0x0000000000003100                __watchdog_support
 *(.init2)
 .init2         0x000000000000310c        0x4 /usr/lib/gcc/msp430/4.6.3/mcpu-430x/mmpy-16/libcrt0.a(__init_stack.o)
                0x000000000000310c                __init_stack
 *(.init3)
 .init3         0x0000000000003110        0x0 /usr/lib/gcc/msp430/4.6.3/mcpu-430x/mmpy-16/libcrt0.a(__low_level_init.o)
                0x0000000000003110                __low_level_init
 *(.init4)
 .init4         0x0000000000003110       0x18 /usr/lib/gcc/msp430/4.6.3/mcpu-430x/mmpy-16/libcrt0.a(_copy_data.o)
                0x0000000000003110                __do_copy_data
 .init4         0x0000000000003128       0x16 /usr/lib/gcc/msp430/4.6.3/mcpu-430x/mmpy-16/libcrt0.a(_clear_bss.o)
                0x0000000000003128                __do_clear_bss
 *(.init5)
 *(.init6)
 *(.init7)
 *(.init8)
 *(.init9)
 .init9         0x000000000000313e       0x9e obj_cmote/contiki-z1-main.o
                0x000000000000313e                main
 *(.fini9)
 .fini9         0x00000000000031dc        0x0 /usr/lib/gcc/msp430/4.6.3/mcpu-430x/mmpy-16/libcrt0.a(__stop_progExec__.o)
                0x00000000000031dc                __stop_progExec__
 *(.fini8)
 *(.fini7)
 *(.fini6)
 *(.fini5)
 *(.fini4)
 *(.fini3)
 *(.fini2)
 *(.fini1)
 *(.fini0)
 .fini0         0x00000000000031dc        0x6 /usr/lib/gcc/msp430/4.6.3/mcpu-430x/mmpy-16/libcrt0.a(_endless_loop__.o)
                0x00000000000031dc                _endless_loop__
 *(.fini .fini.*)
                0x00000000000031e2                . = ALIGN (0x2)
                0x00000000000031e2                __ctors_start = .
 *(.ctors)
                0x00000000000031e2                __ctors_end = .
                0x00000000000031e2                __dtors_start = .
 *(.dtors)
                0x00000000000031e2                __dtors_end = .
                0x00000000000031e2                . = ALIGN (0x2)
 *(.text .text.* .gnu.linkonce.t.*)
 .text          0x00000000000031e2        0x4 /usr/lib/gcc/msp430/4.6.3/mcpu-430x/mmpy-16/crt0ivtbl32.o
                0x00000000000031e2                __isr_14
                0x00000000000031e2                __isr_4
                0x00000000000031e2                __isr_29
                0x00000000000031e2                __isr_23
                0x00000000000031e2                __isr_11
                0x00000000000031e2                __isr_5
                0x00000000000031e2                __isr_2
                0x00000000000031e2                __isr_10
                0x00000000000031e2                __isr_7
                0x00000000000031e2                __isr_0
                0x00000000000031e2                __isr_28
                0x00000000000031e2                __isr_8
                0x00000000000031e2                __isr_20
                0x00000000000031e2                __isr_3
                0x00000000000031e2                __isr_12
                0x00000000000031e2                __isr_13
                0x00000000000031e2                __isr_27
                0x00000000000031e2                __isr_9
                0x00000000000031e2                __isr_30
                0x00000000000031e2                __isr_6
                0x00000000000031e2                __isr_22
                0x00000000000031e2                __isr_1
                0x00000000000031e2                __isr_15
                0x00000000000031e2                __isr_21
 .text.crt0     0x00000000000031e6        0x0 /usr/lib/gcc/msp430/4.6.3/mcpu-430x/mmpy-16/crt0ivtbl32.o
 .text          0x00000000000031e6       0xce tx.co
 .text          0x00000000000032b4        0x6 obj_cmote/contiki-z1-main.o
                0x00000000000032b4                uip_log
 .text          0x00000000000032ba        0x2 contiki-cmote.a(contiki-z1-plat)
                0x00000000000032ba                init_platform
 .text          0x00000000000032bc       0xe6 contiki-cmote.a(msp430.o)
                0x00000000000032bc                msp430_init_dco
                0x00000000000032e4                msp430_cpu_init
                0x0000000000003328                splhigh_
                0x0000000000003330                msp430_sync_dco
 .text          0x00000000000033a2      0x14c contiki-cmote.a(leds.o)
                0x0000000000003496                leds_init
                0x00000000000034a0                leds_get
                0x00000000000034a6                leds_set
                0x00000000000034ac                leds_on
                0x00000000000034b6                leds_off
                0x00000000000034c4                leds_toggle
                0x00000000000034ce                leds_blink
 .text          0x00000000000034ee       0x86 contiki-cmote.a(leds-arch.o)
                0x00000000000034ee                leds_arch_init
                0x00000000000034fc                leds_arch_get
                0x0000000000003532                leds_arch_set
 .text          0x0000000000003574       0x5c contiki-cmote.a(watchdog.o)
                0x0000000000003574                __isr_26
                0x0000000000003574                watchdog_interrupt
                0x000000000000357a                watchdog_start
                0x000000000000358e                watchdog_periodic
                0x00000000000035a0                watchdog_stop
                0x00000000000035b6                watchdog_init
                0x00000000000035ca                watchdog_reboot
 .text          0x00000000000035d0      0xeae contiki-cmote.a(cc2520.o)
                0x0000000000003b9a                cc2520_init
                0x0000000000003d70                cc2520_on
                0x0000000000003d92                cc2520_off
                0x0000000000003f72                cc2520_get_channel
                0x0000000000003f8e                cc2520_set_channel
                0x000000000000404a                cc2520_set_pan_addr
                0x0000000000004218                cc2520_interrupt
                0x000000000000424a                cc2520_set_txpower
                0x000000000000425e                cc2520_get_txpower
                0x00000000000043d4                cc2520_rssi
                0x0000000000004430                cc2520_cca_valid
                0x0000000000004458                is_packet_received
                0x000000000000445e                set_packet_received
                0x0000000000004464                clear_packet_received
                0x000000000000446a                cc2520_set_cca_threshold
 .text          0x000000000000447e       0xd0 contiki-cmote.a(cc2520-arch.o)
                0x000000000000447e                __isr_18
                0x000000000000447e                cc2520_port1_interrupt
                0x00000000000044ea                cc2520_arch_init
 .text          0x000000000000454e      0x100 contiki-cmote.a(button-sensor.o)
                0x00000000000045d8                irq_p2
                0x00000000000045d8                __isr_19
 .text          0x000000000000464e      0x1ee contiki-cmote.a(uart1.o)
                0x000000000000464e                uart1_active
                0x000000000000465c                uart1_set_input
                0x0000000000004662                uart1_writeb
                0x0000000000004670                uart1_init
                0x0000000000004770                uart1_rx_interrupt
                0x0000000000004770                __isr_17
                0x00000000000047d6                __isr_16
                0x00000000000047d6                uart1_tx_interrupt
 .text          0x000000000000483c       0x24 contiki-cmote.a(uart1-putchar.o)
                0x000000000000483c                putchar
 .text          0x0000000000004860      0x1e8 contiki-cmote.a(clock.o)
                0x0000000000004860                __isr_24
                0x0000000000004860                timera1
                0x000000000000496a                clock_time
                0x0000000000004984                clock_set
                0x000000000000499a                clock_fine_max
                0x00000000000049a0                clock_fine
                0x00000000000049ac                clock_init
                0x00000000000049d4                clock_delay
                0x00000000000049e0                clock_wait
                0x0000000000004a08                clock_set_seconds
                0x0000000000004a20                clock_seconds
                0x0000000000004a3a                clock_counter
 .text          0x0000000000004a48       0x7e contiki-cmote.a(rtimer-arch.o)
                0x0000000000004a48                rtimer_arch_init
                0x0000000000004a56                rtimer_arch_now
                0x0000000000004a64                __isr_25
                0x0000000000004a64                timera0
                0x0000000000004ac0                rtimer_arch_schedule
 .text          0x0000000000004ac6       0x2a contiki-cmote.a(autostart.o)
                0x0000000000004ac6                autostart_start
                0x0000000000004adc                autostart_exit
 .text          0x0000000000004af0       0xae contiki-cmote.a(energest.o)
                0x0000000000004af0                energest_init
                0x0000000000004b18                energest_type_time
                0x0000000000004b54                energest_leveldevice_leveltime
                0x0000000000004b5a                energest_type_set
                0x0000000000004b66                energest_flush
 .text          0x0000000000004b9e      0x1c4 contiki-cmote.a(ctimer.o)
                0x0000000000004c3a                ctimer_init
                0x0000000000004c52                ctimer_set_with_process
                0x0000000000004ca0                ctimer_set
                0x0000000000004cb0                ctimer_reset
                0x0000000000004cdc                ctimer_restart
                0x0000000000004d08                ctimer_stop
                0x0000000000004d30                ctimer_expired
 .text          0x0000000000004d62      0x270 contiki-cmote.a(etimer.o)
                0x0000000000004dd2                etimer_request_poll
                0x0000000000004edc                etimer_set
                0x0000000000004eee                etimer_reset_with_new_interval
                0x0000000000004f0c                etimer_reset
                0x0000000000004f1e                etimer_restart
                0x0000000000004f30                etimer_adjust
                0x0000000000004f4a                etimer_expired
                0x0000000000004f58                etimer_expiration_time
                0x0000000000004f6c                etimer_start_time
                0x0000000000004f74                etimer_pending
                0x0000000000004f80                etimer_next_expiration_time
                0x0000000000004f96                etimer_stop
 .text          0x0000000000004fd2      0x2a0 contiki-cmote.a(process.o)
                0x00000000000050d2                process_alloc_event
                0x00000000000050e0                process_exit
                0x00000000000050ea                process_init
                0x0000000000005106                process_run
                0x00000000000051aa                process_nevents
                0x00000000000051b8                process_post
                0x0000000000005208                process_post_synch
                0x000000000000521a                process_start
                0x000000000000524c                process_poll
                0x0000000000005264                process_is_running
 .text          0x0000000000005272       0x50 contiki-cmote.a(rtimer.o)
                0x0000000000005272                rtimer_init
                0x0000000000005278                rtimer_set
                0x000000000000529c                rtimer_run_next
 .text          0x00000000000052c2       0x8c contiki-cmote.a(timer.o)
                0x00000000000052c2                timer_set
                0x00000000000052de                timer_reset
                0x00000000000052ec                timer_restart
                0x0000000000005300                timer_expired
                0x000000000000532a                timer_remaining
 .text          0x000000000000534e       0xf6 contiki-cmote.a(list.o)
                0x000000000000534e                list_init
                0x0000000000005354                list_head
                0x0000000000005358                list_copy
                0x000000000000535e                list_tail
                0x0000000000005370                list_chop
                0x0000000000005394                list_pop
                0x00000000000053a2                list_remove
                0x00000000000053d6                list_push
                0x00000000000053ec                list_add
                0x0000000000005412                list_length
                0x0000000000005422                list_insert
                0x0000000000005438                list_item_next
 .text          0x0000000000005444       0x94 contiki-cmote.a(ringbuf.o)
                0x0000000000005444                ringbuf_init
                0x0000000000005458                ringbuf_put
                0x0000000000005490                ringbuf_get
                0x00000000000054be                ringbuf_size
                0x00000000000054c6                ringbuf_elements
 .text          0x00000000000054d8      0x1f4 contiki-cmote.a(packetbuf.o)
                0x00000000000054d8                packetbuf_clear_hdr
                0x00000000000054e0                packetbuf_compact
                0x000000000000550e                packetbuf_copyto_hdr
                0x000000000000552a                packetbuf_copyto
                0x0000000000005570                packetbuf_hdr_remove
                0x0000000000005576                packetbuf_hdrreduce
                0x0000000000005590                packetbuf_set_datalen
                0x00000000000055a8                packetbuf_dataptr
                0x00000000000055b6                packetbuf_hdrptr
                0x00000000000055c0                packetbuf_datalen
                0x00000000000055c6                packetbuf_hdrlen
                0x00000000000055d6                packetbuf_totlen
                0x00000000000055e2                packetbuf_hdralloc
                0x000000000000560c                packetbuf_attr_clear
                0x0000000000005634                packetbuf_clear
                0x000000000000564e                packetbuf_copyfrom
                0x0000000000005678                packetbuf_attr_copyto
                0x000000000000569a                packetbuf_attr_copyfrom
                0x00000000000056be                packetbuf_holds_broadcast
 .text          0x00000000000056cc       0x26 contiki-cmote.a(linkaddr.o)
                0x00000000000056cc                linkaddr_copy
                0x00000000000056d4                linkaddr_cmp
                0x00000000000056e6                linkaddr_set_node_addr
 .text          0x00000000000056f2      0x61c contiki-cmote.a(contikimac.o)
                0x0000000000005d0a                contikimac_debug_print
 .text          0x0000000000005d0e       0x2a contiki-cmote.a(spi.o)
                0x0000000000005d0e                spi_init
 .text          0x0000000000005d38      0x158 contiki-cmote.a(sensors.o)
                0x0000000000005df6                sensors_first
                0x0000000000005dfc                sensors_next
                0x0000000000005e28                sensors_changed
                0x0000000000005e52                sensors_find
 .text          0x0000000000005e90      0x13c contiki-cmote.a(queuebuf.o)
                0x0000000000005e90                queuebuf_init
                0x0000000000005ea2                queuebuf_numfree
                0x0000000000005eac                queuebuf_new_from_packetbuf
                0x0000000000005efa                queuebuf_update_attr_from_packetbuf
                0x0000000000005f0c                queuebuf_update_from_packetbuf
                0x0000000000005f2e                queuebuf_free
                0x0000000000005f58                queuebuf_to_packetbuf
                0x0000000000005f8a                queuebuf_dataptr
                0x0000000000005fa6                queuebuf_datalen
                0x0000000000005fae                queuebuf_addr
                0x0000000000005fbc                queuebuf_attr
                0x0000000000005fca                queuebuf_debug_print
 .text          0x0000000000005fcc       0xa8 contiki-cmote.a(mac-sequence.o)
                0x0000000000005fcc                mac_sequence_is_duplicate
                0x0000000000006008                mac_sequence_register_seqno
 .text          0x0000000000006074      0x1b4 contiki-cmote.a(framer-802154.o)
 .text          0x0000000000006228      0x362 contiki-cmote.a(frame802154.o)
                0x00000000000062bc                frame802154_hdrlen
                0x00000000000062ea                frame802154_create
                0x00000000000063fc                frame802154_parse
 .text          0x000000000000658a       0x14 contiki-cmote.a(mac.o)
                0x000000000000658a                mac_call_sent_callback
 .text          0x000000000000659e      0x386 contiki-cmote.a(csma.o)
 .text          0x0000000000006924       0x20 contiki-cmote.a(framer.o)
                0x0000000000006924                framer_canonical_create_and_secure
 .text          0x0000000000006944       0x24 contiki-cmote.a(nullsec.o)
 .text          0x0000000000006968      0x102 contiki-cmote.a(memb.o)
                0x0000000000006968                memb_init
                0x000000000000699e                memb_alloc
                0x00000000000069dc                memb_free
                0x0000000000006a16                memb_inmemb
                0x0000000000006a44                memb_numfree
 .text          0x0000000000006a6a        0xc contiki-cmote.a(random.o)
                0x0000000000006a6a                random_init
                0x0000000000006a70                random_rand
 .text          0x0000000000006a76      0xefc contiki-cmote.a(sicslowpan.o)
                0x000000000000721e                sicslowpan_init
                0x0000000000007960                rime_sniffer_add
                0x0000000000007966                rime_sniffer_remove
                0x000000000000796c                sicslowpan_get_last_rssi
 .text          0x0000000000007972      0x4c2 contiki-cmote.a(tcpip.o)
                0x0000000000007988                tcpip_output
                0x0000000000007998                tcpip_set_outputfunc
                0x000000000000799e                tcp_unlisten
                0x00000000000079d0                tcp_listen
                0x0000000000007a04                tcp_attach
                0x0000000000007a10                udp_attach
                0x0000000000007a1c                udp_new
                0x0000000000007a36                udp_broadcast_new
                0x0000000000007a7c                tcpip_input
                0x0000000000007a92                tcpip_ipv6_output
                0x0000000000007d84                tcpip_poll_udp
                0x0000000000007d92                tcpip_poll_tcp
                0x0000000000007da0                tcp_connect
                0x0000000000007dc2                tcpip_uipcall
 .text          0x0000000000007e34      0xfae contiki-cmote.a(rpl-dag.o)
                0x0000000000007f9c                rpl_get_nbr
                0x0000000000007fba                rpl_print_neighbor_list
                0x00000000000080a2                rpl_dag_init
                0x00000000000080b0                rpl_get_parent
                0x00000000000080bc                rpl_get_parent_rank
                0x00000000000080d4                rpl_get_parent_link_metric
                0x00000000000080ec                rpl_get_parent_ipaddr
                0x00000000000080fc                rpl_set_prefix
                0x0000000000008170                rpl_set_default_route
                0x00000000000081c6                rpl_alloc_instance
                0x00000000000081fa                rpl_set_default_instance
                0x0000000000008200                rpl_get_default_instance
                0x0000000000008206                rpl_add_parent
                0x0000000000008254                rpl_find_parent
                0x000000000000826c                rpl_find_parent_any_dag
                0x000000000000828c                rpl_select_parent
                0x0000000000008300                rpl_select_dag
                0x000000000000846c                rpl_nullify_parent
                0x00000000000084ba                rpl_remove_parent
                0x0000000000008502                rpl_free_dag
                0x0000000000008538                rpl_free_instance
                0x00000000000085a0                rpl_move_parent
                0x00000000000085f2                rpl_get_any_dag
                0x000000000000860a                rpl_get_instance
                0x0000000000008624                rpl_alloc_dag
                0x0000000000008680                rpl_repair_root
                0x00000000000086d0                rpl_set_root
                0x00000000000087ea                rpl_find_of
                0x00000000000087fa                rpl_join_instance
                0x0000000000008922                rpl_local_repair
                0x0000000000008984                rpl_process_parent_event
                0x00000000000089c8                rpl_recalculate_ranks
                0x0000000000008a0e                rpl_add_dag
                0x0000000000008b0e                rpl_process_dio
                0x0000000000008dd6                rpl_lock_parent
 .text          0x0000000000008de2      0x448 contiki-cmote.a(rpl-timers.o)
                0x000000000000904a                rpl_reset_periodic_timer
                0x00000000000090a6                rpl_reset_dio_timer
                0x00000000000090be                rpl_schedule_dao
                0x00000000000090ca                rpl_schedule_dao_immediately
                0x00000000000090d4                rpl_cancel_dao
                0x00000000000090ee                rpl_schedule_probing
 .text          0x000000000000922a      0x334 contiki-cmote.a(rpl-ext-header.)
                0x000000000000922a                rpl_verify_header
                0x00000000000092dc                rpl_update_header_empty
                0x00000000000093fe                rpl_update_header_final
                0x0000000000009490                rpl_remove_header
                0x00000000000094da                rpl_invert_header
                0x000000000000954c                rpl_insert_header
 .text          0x000000000000955e      0x26a contiki-cmote.a(rpl.o)
                0x000000000000955e                rpl_get_mode
                0x0000000000009564                rpl_set_mode
                0x00000000000095b6                rpl_purge_routes
                0x000000000000964c                rpl_remove_routes
                0x000000000000966e                rpl_remove_routes_by_nexthop
                0x00000000000096ac                rpl_add_route
                0x00000000000096ec                rpl_link_neighbor_callback
                0x0000000000009760                rpl_ipv6_neighbor_callback
                0x000000000000977e                rpl_init
 .text          0x00000000000097c8      0x16e contiki-cmote.a(rpl-mrhof.o)
 .text          0x0000000000009936      0x464 contiki-cmote.a(nbr-table.o)
                0x0000000000009abc                nbr_table_register
                0x0000000000009ae2                nbr_table_next
                0x0000000000009b5a                nbr_table_head
                0x0000000000009b8c                nbr_table_add_lladdr
                0x0000000000009cb8                nbr_table_get_from_lladdr
                0x0000000000009cfc                nbr_table_remove
                0x0000000000009d26                nbr_table_lock
                0x0000000000009d36                nbr_table_unlock
                0x0000000000009d46                nbr_table_get_lladdr
 .text          0x0000000000009d9a       0xa4 contiki-cmote.a(stimer.o)
                0x0000000000009d9a                stimer_set
                0x0000000000009db6                stimer_reset
                0x0000000000009dc4                stimer_restart
                0x0000000000009dd8                stimer_expired
                0x0000000000009e08                stimer_remaining
                0x0000000000009e2c                stimer_elapsed
 .text          0x0000000000009e3e      0x68c contiki-cmote.a(uip-ds6.o)
                0x0000000000009e3e                uip_ds6_list_loop
                0x0000000000009ea4                uip_ds6_prefix_add
                0x0000000000009f14                uip_ds6_prefix_rm
                0x0000000000009f1e                uip_ds6_prefix_lookup
                0x0000000000009f46                uip_ds6_is_addr_onlink
                0x0000000000009f88                uip_ds6_addr_lookup
                0x0000000000009fb2                uip_ds6_get_link_local
                0x0000000000009ff0                uip_ds6_get_global
                0x000000000000a02e                uip_ds6_maddr_add
                0x000000000000a076                uip_ds6_addr_add
                0x000000000000a12a                uip_ds6_maddr_rm
                0x000000000000a134                uip_ds6_maddr_lookup
                0x000000000000a15e                uip_ds6_addr_rm
                0x000000000000a1b2                uip_ds6_periodic
                0x000000000000a1fc                uip_ds6_aaddr_add
                0x000000000000a242                uip_ds6_aaddr_rm
                0x000000000000a24c                uip_ds6_aaddr_lookup
                0x000000000000a274                uip_ds6_set_addr_iid
                0x000000000000a288                get_match_length
                0x000000000000a2c2                uip_ds6_select_src
                0x000000000000a35c                uip_ds6_compute_reachable_time
                0x000000000000a392                uip_ds6_init
 .text          0x000000000000a4ca      0x472 contiki-cmote.a(uip-ds6-route.o)
                0x000000000000a50a                uip_ds6_notification_add
                0x000000000000a522                uip_ds6_notification_rm
                0x000000000000a52e                uip_ds6_route_init
                0x000000000000a564                uip_ds6_route_nexthop
                0x000000000000a57e                uip_ds6_route_head
                0x000000000000a588                uip_ds6_route_next
                0x000000000000a596                uip_ds6_route_num_routes
                0x000000000000a59c                uip_ds6_route_lookup
                0x000000000000a60a                uip_ds6_route_rm
                0x000000000000a6e4                uip_ds6_route_add
                0x000000000000a7dc                uip_ds6_route_rm_by_nexthop
                0x000000000000a7f0                uip_ds6_defrt_rm
                0x000000000000a834                uip_ds6_defrt_lookup
                0x000000000000a866                uip_ds6_defrt_add
                0x000000000000a8ce                uip_ds6_defrt_choose
                0x000000000000a904                uip_ds6_defrt_periodic
 .text          0x000000000000a93c     0x1388 contiki-cmote.a(uip6.o)
                0x000000000000aa90                uip_add32
                0x000000000000aaf4                uip_chksum
                0x000000000000ab0c                uip_icmp6chksum
                0x000000000000ab16                uip_tcpchksum
                0x000000000000ab20                uip_udpchksum
                0x000000000000ab2a                uip_init
                0x000000000000ab8c                uip_connect
                0x000000000000aca8                remove_ext_hdr
                0x000000000000acfa                uip_udp_new
                0x000000000000adbe                uip_unlisten
                0x000000000000ade8                uip_listen
                0x000000000000ae14                uip_process
                0x000000000000bc26                uip_htons
                0x000000000000bc32                uip_htonl
                0x000000000000bc5c                uip_send
 .text.unlikely
                0x000000000000bcc4       0x2e contiki-cmote.a(uip6.o)
 .text          0x000000000000bcf2      0x29e contiki-cmote.a(uip-ds6-nbr.o)
                0x000000000000bcf2                uip_ds6_nbr_rm
                0x000000000000bd0c                uip_ds6_neighbors_init
                0x000000000000bd1a                uip_ds6_nbr_add
                0x000000000000bd6e                uip_ds6_nbr_get_ipaddr
                0x000000000000bd70                uip_ds6_nbr_get_ll
                0x000000000000bd7c                uip_ds6_nbr_num
                0x000000000000bda0                uip_ds6_nbr_lookup
                0x000000000000bdde                uip_ds6_nbr_ll_lookup
                0x000000000000bdea                uip_ds6_nbr_ipaddr_from_lladdr
                0x000000000000bdf0                uip_ds6_nbr_lladdr_from_ipaddr
                0x000000000000be02                uip_ds6_link_neighbor_callback
                0x000000000000be28                uip_ds6_neighbor_periodic
                0x000000000000bf44                uip_ds6_get_least_lifetime_neighbor
 .text          0x000000000000bf90      0x562 contiki-cmote.a(uip-nd6.o)
                0x000000000000c388                uip_nd6_ns_output
                0x000000000000c4e0                uip_nd6_init
 .text          0x000000000000c4f2       0xac contiki-cmote.a(uip-debug.o)
                0x000000000000c4f2                uip_debug_ipaddr_print
                0x000000000000c562                uip_debug_lladdr_print
 .text          0x000000000000c59e      0x9ca contiki-cmote.a(rpl-icmp6.o)
                0x000000000000c8dc                dis_output
                0x000000000000c92c                dio_output
                0x000000000000cb9a                dao_output_target
                0x000000000000cc6a                dao_output
                0x000000000000ccd4                dao_ack_output
                0x000000000000cf46                rpl_icmp6_register_handlers
 .text          0x000000000000cf68      0x4a8 contiki-cmote.a(uip-icmp6.o)
                0x000000000000d19e                uip_icmp6_input
                0x000000000000d1de                uip_icmp6_register_input_handler
                0x000000000000d1ea                uip_icmp6_error_output
                0x000000000000d354                uip_icmp6_send
                0x000000000000d3da                uip_icmp6_echo_reply_callback_add
                0x000000000000d3f2                uip_icmp6_echo_reply_callback_rm
                0x000000000000d3fe                uip_icmp6_init
 .text          0x000000000000d410        0x0 /usr/lib/gcc/msp430/4.6.3/mcpu-430x/mmpy-16/libgcc.a(_mulsi3.o)
 .text.libgcc   0x000000000000d410       0x2a /usr/lib/gcc/msp430/4.6.3/mcpu-430x/mmpy-16/libgcc.a(_mulsi3.o)
                0x000000000000d410                __mulsi3
 .text          0x000000000000d43a        0x0 /usr/lib/gcc/msp430/4.6.3/mcpu-430x/mmpy-16/libgcc.a(_udivmod16.o)
 .text.libgcc   0x000000000000d43a       0x22 /usr/lib/gcc/msp430/4.6.3/mcpu-430x/mmpy-16/libgcc.a(_udivmod16.o)
                0x000000000000d43a                __udivhi3
                0x000000000000d43a                __ext_udivmod16
                0x000000000000d454                __umodhi3
 .text          0x000000000000d45c        0x0 /usr/lib/gcc/msp430/4.6.3/mcpu-430x/mmpy-16/libgcc.a(_divmod16.o)
 .text.libgcc   0x000000000000d45c       0x3a /usr/lib/gcc/msp430/4.6.3/mcpu-430x/mmpy-16/libgcc.a(_divmod16.o)
                0x000000000000d45c                __ext_divmod16
                0x000000000000d45c                __divhi3
                0x000000000000d48e                __modhi3
 .text          0x000000000000d496        0x0 /usr/lib/gcc/msp430/4.6.3/mcpu-430x/mmpy-16/libgcc.a(_udivmod32.o)
 .text.libgcc   0x000000000000d496       0x38 /usr/lib/gcc/msp430/4.6.3/mcpu-430x/mmpy-16/libgcc.a(_udivmod32.o)
                0x000000000000d496                __udivsi3
                0x000000000000d496                __ext_udivmod32
                0x000000000000d4c4                __umodsi3
 .text          0x000000000000d4ce       0x28 /usr/lib/gcc/msp430/4.6.3/../../../../msp430/lib/mcpu-430x/mmpy-16/libc.a(strncmp.o)
                0x000000000000d4ce                strncmp
 .text          0x000000000000d4f6       0x20 /usr/lib/gcc/msp430/4.6.3/../../../../msp430/lib/mcpu-430x/mmpy-16/libc.a(memcmp.o)
                0x000000000000d4f6                memcmp
 .text          0x000000000000d516       0xe4 /usr/lib/gcc/msp430/4.6.3/../../../../msp430/lib/mcpu-430x/mmpy-16/libc.a(memcpy.o)
                0x000000000000d516                memcpy
 .text          0x000000000000d5fa       0xe4 /usr/lib/gcc/msp430/4.6.3/../../../../msp430/lib/mcpu-430x/mmpy-16/libc.a(memmove.o)
                0x000000000000d5fa                memmove
 .text          0x000000000000d6de       0x5c /usr/lib/gcc/msp430/4.6.3/../../../../msp430/lib/mcpu-430x/mmpy-16/libc.a(memset.o)
                0x000000000000d6de                memset
 .text          0x000000000000d73a       0x1e /usr/lib/gcc/msp430/4.6.3/../../../../msp430/lib/mcpu-430x/mmpy-16/libc.a(printf.o)
                0x000000000000d73a                printf
                0x000000000000d74a                vprintf
 .text          0x000000000000d758      0x818 /usr/lib/gcc/msp430/4.6.3/../../../../msp430/lib/mcpu-430x/mmpy-16/libc.a(vuprintf.o)
                0x000000000000d8d4                vuprintf
 .text          0x000000000000df70       0x2c /usr/lib/gcc/msp430/4.6.3/../../../../msp430/lib/mcpu-430x/mmpy-16/libc.a(puts.o)
                0x000000000000df70                puts
 .text          0x000000000000df9c       0x54 /usr/lib/gcc/msp430/4.6.3/../../../../msp430/lib/mcpu-430x/mmpy-16/libc.a(rand.o)
                0x000000000000df9c                rand_r
                0x000000000000dfc0                rand
                0x000000000000dfe6                srand
 .text          0x000000000000dff0        0x0 /usr/lib/gcc/msp430/4.6.3/mcpu-430x/mmpy-16/libgcc.a(_udivmod64.o)
 .text.libgcc   0x000000000000dff0       0xbc /usr/lib/gcc/msp430/4.6.3/mcpu-430x/mmpy-16/libgcc.a(_udivmod64.o)
                0x000000000000dff0                __xabi_udivmod64
                0x000000000000e042                __udivdi3
                0x000000000000e05c                __umoddi3
                0x000000000000e07e                __udivmoddi4
 .text          0x000000000000e0ac        0x0 /usr/lib/gcc/msp430/4.6.3/mcpu-430x/mmpy-16/libcrt0.a(_reset_vector__.o)
 .text          0x000000000000e0ac        0x0 /usr/lib/gcc/msp430/4.6.3/mcpu-430x/mmpy-16/libcrt0.a(__watchdog_support.o)
 .text          0x000000000000e0ac        0x0 /usr/lib/gcc/msp430/4.6.3/mcpu-430x/mmpy-16/libcrt0.a(__init_stack.o)
 .text          0x000000000000e0ac        0x0 /usr/lib/gcc/msp430/4.6.3/mcpu-430x/mmpy-16/libcrt0.a(__low_level_init.o)
 .text          0x000000000000e0ac        0x0 /usr/lib/gcc/msp430/4.6.3/mcpu-430x/mmpy-16/libcrt0.a(_copy_data.o)
 .text          0x000000000000e0ac        0x0 /usr/lib/gcc/msp430/4.6.3/mcpu-430x/mmpy-16/libcrt0.a(_clear_bss.o)
 .text          0x000000000000e0ac        0x0 /usr/lib/gcc/msp430/4.6.3/mcpu-430x/mmpy-16/libcrt0.a(__stop_progExec__.o)
 .text          0x000000000000e0ac        0x0 /usr/lib/gcc/msp430/4.6.3/mcpu-430x/mmpy-16/libcrt0.a(_endless_loop__.o)
 .text          0x000000000000e0ac        0x0 /usr/lib/gcc/msp430/4.6.3/mcpu-430x/mmpy-16/libcrt0.a(_unexpected_.o)
 .text.crt0     0x000000000000e0ac        0x2 /usr/lib/gcc/msp430/4.6.3/mcpu-430x/mmpy-16/libcrt0.a(_unexpected_.o)
                0x000000000000e0ac                _unexpected_
                0x000000000000e0ae                . = ALIGN (0x2)

.rodata         0x000000000000e0ae      0x344
                0x000000000000e0ae                . = ALIGN (0x2)
 *(.rodata .rodata.* .gnu.linkonce.r.*)
 .rodata        0x000000000000e0ae       0x2a tx.co
                0x000000000000e0c2                autostart_processes
 .rodata        0x000000000000e0d8        0xf obj_cmote/contiki-z1-main.o
 *fill*         0x000000000000e0e7        0x1 00
 .rodata        0x000000000000e0e8       0xfe contiki-cmote.a(cc2520.o)
                0x000000000000e1a8                cc2520_driver
 .rodata        0x000000000000e1e6       0x10 contiki-cmote.a(button-sensor.o)
                0x000000000000e1ee                button_sensor
 .rodata        0x000000000000e1f6        0xf contiki-cmote.a(ctimer.o)
 .rodata        0x000000000000e205        0xc contiki-cmote.a(etimer.o)
 .rodata        0x000000000000e211       0x1b contiki-cmote.a(packetbuf.o)
 .rodata        0x000000000000e22c        0x8 contiki-cmote.a(linkaddr.o)
                0x000000000000e22c                linkaddr_null
 .rodata        0x000000000000e234       0x58 contiki-cmote.a(contikimac.o)
                0x000000000000e27c                contikimac_driver
 .rodata        0x000000000000e28c        0x8 contiki-cmote.a(sensors.o)
 .rodata        0x000000000000e294        0x8 contiki-cmote.a(framer-802154.o)
                0x000000000000e294                framer_802154
 .rodata        0x000000000000e29c       0x12 contiki-cmote.a(frame802154.o)
 .rodata        0x000000000000e2ae       0x36 contiki-cmote.a(csma.o)
                0x000000000000e2d6                csma_driver
 .rodata        0x000000000000e2e4       0x22 contiki-cmote.a(nullsec.o)
                0x000000000000e2fa                nullsec_driver
 .rodata        0x000000000000e306       0x24 contiki-cmote.a(sicslowpan.o)
                0x000000000000e312                sicslowpan_driver
                0x000000000000e318                llprefix
                0x000000000000e31a                unc_mxconf
                0x000000000000e31e                unc_ctxconf
                0x000000000000e322                unc_llconf
 .rodata        0x000000000000e32a        0xd contiki-cmote.a(tcpip.o)
 .rodata        0x000000000000e337       0x6a contiki-cmote.a(rpl-dag.o)
 *fill*         0x000000000000e3a1        0x1 00
 .rodata        0x000000000000e3a2       0x20 contiki-cmote.a(uip6.o)
 .rodata        0x000000000000e3c2       0x29 contiki-cmote.a(uip-debug.o)
 .rodata        0x000000000000e3eb        0x7 /usr/lib/gcc/msp430/4.6.3/../../../../msp430/lib/mcpu-430x/mmpy-16/libc.a(vuprintf.o)
                0x000000000000e3f2                . = ALIGN (0x2)
                0x000000000000e3f2                _etext = .

.data           0x0000000000001100       0xfc load address 0x000000000000e3f2
                0x0000000000001100                . = ALIGN (0x2)
                0x0000000000001100                PROVIDE (__data_start, .)
 *(.data .data.* .gnu.linkonce.d.*)
 .data          0x0000000000001100        0x0 /usr/lib/gcc/msp430/4.6.3/mcpu-430x/mmpy-16/crt0ivtbl32.o
 .data          0x0000000000001100       0x12 tx.co
                0x0000000000001100                cmote_tx_process
                0x000000000000110a                ieee_addr
 .data          0x0000000000001112        0x4 obj_cmote/contiki-z1-main.o
                0x0000000000001112                sensors
 .data          0x0000000000001116        0x0 contiki-cmote.a(contiki-z1-plat)
 .data          0x0000000000001116        0x2 contiki-cmote.a(msp430.o)
 .data          0x0000000000001118        0x0 contiki-cmote.a(leds.o)
 .data          0x0000000000001118        0x0 contiki-cmote.a(leds-arch.o)
 .data          0x0000000000001118        0x0 contiki-cmote.a(watchdog.o)
 .data          0x0000000000001118       0x14 contiki-cmote.a(cc2520.o)
                0x0000000000001118                cc2520_patch_process
                0x0000000000001122                cc2520_process
 .data          0x000000000000112c        0x0 contiki-cmote.a(cc2520-arch.o)
 .data          0x000000000000112c        0x0 contiki-cmote.a(button-sensor.o)
 .data          0x000000000000112c        0x0 contiki-cmote.a(uart1.o)
 .data          0x000000000000112c        0x0 contiki-cmote.a(uart1-putchar.o)
 .data          0x000000000000112c        0x0 contiki-cmote.a(clock.o)
 .data          0x000000000000112c        0x0 contiki-cmote.a(rtimer-arch.o)
 .data          0x000000000000112c        0x0 contiki-cmote.a(autostart.o)
 .data          0x000000000000112c        0x0 contiki-cmote.a(energest.o)
 .data          0x000000000000112c        0xa contiki-cmote.a(ctimer.o)
                0x000000000000112c                ctimer_process
 .data          0x0000000000001136        0xa contiki-cmote.a(etimer.o)
                0x0000000000001136                etimer_process
 .data          0x0000000000001140        0x0 contiki-cmote.a(process.o)
 .data          0x0000000000001140        0x0 contiki-cmote.a(rtimer.o)
 .data          0x0000000000001140        0x0 contiki-cmote.a(timer.o)
 .data          0x0000000000001140        0x0 contiki-cmote.a(list.o)
 .data          0x0000000000001140        0x0 contiki-cmote.a(ringbuf.o)
 .data          0x0000000000001140        0x0 contiki-cmote.a(packetbuf.o)
 .data          0x0000000000001140        0x0 contiki-cmote.a(linkaddr.o)
 .data          0x0000000000001140        0x0 contiki-cmote.a(contikimac.o)
 .data          0x0000000000001140        0x0 contiki-cmote.a(spi.o)
 .data          0x0000000000001140        0xa contiki-cmote.a(sensors.o)
                0x0000000000001140                sensors_process
 .data          0x000000000000114a       0x10 contiki-cmote.a(queuebuf.o)
 .data          0x000000000000115a        0x0 contiki-cmote.a(mac-sequence.o)
 .data          0x000000000000115a        0x0 contiki-cmote.a(framer-802154.o)
 .data          0x000000000000115a        0x0 contiki-cmote.a(frame802154.o)
 .data          0x000000000000115a        0x0 contiki-cmote.a(mac.o)
 .data          0x000000000000115a       0x18 contiki-cmote.a(csma.o)
 .data          0x0000000000001172        0x0 contiki-cmote.a(framer.o)
 .data          0x0000000000001172        0x0 contiki-cmote.a(nullsec.o)
 .data          0x0000000000001172        0x0 contiki-cmote.a(memb.o)
 .data          0x0000000000001172        0x0 contiki-cmote.a(random.o)
 .data          0x0000000000001172        0x0 contiki-cmote.a(sicslowpan.o)
 .data          0x0000000000001172        0xa contiki-cmote.a(tcpip.o)
                0x0000000000001172                tcpip_process
 .data          0x000000000000117c        0xa contiki-cmote.a(rpl-dag.o)
                0x000000000000117c                rpl_parents
 .data          0x0000000000001186        0x0 contiki-cmote.a(rpl-timers.o)
 .data          0x0000000000001186        0x0 contiki-cmote.a(rpl-ext-header.)
 .data          0x0000000000001186        0x0 contiki-cmote.a(rpl.o)
 .data          0x0000000000001186        0xe contiki-cmote.a(rpl-mrhof.o)
                0x0000000000001186                rpl_mrhof
 .data          0x0000000000001194        0x8 contiki-cmote.a(nbr-table.o)
 .data          0x000000000000119c        0x0 contiki-cmote.a(stimer.o)
 .data          0x000000000000119c        0x0 contiki-cmote.a(uip-ds6.o)
 .data          0x000000000000119c       0x20 contiki-cmote.a(uip-ds6-route.o)
 .data          0x00000000000011bc        0x0 contiki-cmote.a(uip6.o)
 .data          0x00000000000011bc        0xa contiki-cmote.a(uip-ds6-nbr.o)
                0x00000000000011bc                ds6_neighbors
 .data          0x00000000000011c6        0xc contiki-cmote.a(uip-nd6.o)
 .data          0x00000000000011d2        0x0 contiki-cmote.a(uip-debug.o)
 .data          0x00000000000011d2       0x1a contiki-cmote.a(rpl-icmp6.o)
 .data          0x00000000000011ec        0xc contiki-cmote.a(uip-icmp6.o)
 .data          0x00000000000011f8        0x0 /usr/lib/gcc/msp430/4.6.3/mcpu-430x/mmpy-16/libgcc.a(_mulsi3.o)
 .data          0x00000000000011f8        0x0 /usr/lib/gcc/msp430/4.6.3/mcpu-430x/mmpy-16/libgcc.a(_udivmod16.o)
 .data          0x00000000000011f8        0x0 /usr/lib/gcc/msp430/4.6.3/mcpu-430x/mmpy-16/libgcc.a(_divmod16.o)
 .data          0x00000000000011f8        0x0 /usr/lib/gcc/msp430/4.6.3/mcpu-430x/mmpy-16/libgcc.a(_udivmod32.o)
 .data          0x00000000000011f8        0x0 /usr/lib/gcc/msp430/4.6.3/../../../../msp430/lib/mcpu-430x/mmpy-16/libc.a(strncmp.o)
 .data          0x00000000000011f8        0x0 /usr/lib/gcc/msp430/4.6.3/../../../../msp430/lib/mcpu-430x/mmpy-16/libc.a(memcmp.o)
 .data          0x00000000000011f8        0x0 /usr/lib/gcc/msp430/4.6.3/../../../../msp430/lib/mcpu-430x/mmpy-16/libc.a(memcpy.o)
 .data          0x00000000000011f8        0x0 /usr/lib/gcc/msp430/4.6.3/../../../../msp430/lib/mcpu-430x/mmpy-16/libc.a(memmove.o)
 .data          0x00000000000011f8        0x0 /usr/lib/gcc/msp430/4.6.3/../../../../msp430/lib/mcpu-430x/mmpy-16/libc.a(memset.o)
 .data          0x00000000000011f8        0x0 /usr/lib/gcc/msp430/4.6.3/../../../../msp430/lib/mcpu-430x/mmpy-16/libc.a(printf.o)
 .data          0x00000000000011f8        0x0 /usr/lib/gcc/msp430/4.6.3/../../../../msp430/lib/mcpu-430x/mmpy-16/libc.a(vuprintf.o)
 .data          0x00000000000011f8        0x0 /usr/lib/gcc/msp430/4.6.3/../../../../msp430/lib/mcpu-430x/mmpy-16/libc.a(puts.o)
 .data          0x00000000000011f8        0x4 /usr/lib/gcc/msp430/4.6.3/../../../../msp430/lib/mcpu-430x/mmpy-16/libc.a(rand.o)
 .data          0x00000000000011fc        0x0 /usr/lib/gcc/msp430/4.6.3/mcpu-430x/mmpy-16/libgcc.a(_udivmod64.o)
 .data          0x00000000000011fc        0x0 /usr/lib/gcc/msp430/4.6.3/mcpu-430x/mmpy-16/libcrt0.a(_reset_vector__.o)
 .data          0x00000000000011fc        0x0 /usr/lib/gcc/msp430/4.6.3/mcpu-430x/mmpy-16/libcrt0.a(__watchdog_support.o)
 .data          0x00000000000011fc        0x0 /usr/lib/gcc/msp430/4.6.3/mcpu-430x/mmpy-16/libcrt0.a(__init_stack.o)
 .data          0x00000000000011fc        0x0 /usr/lib/gcc/msp430/4.6.3/mcpu-430x/mmpy-16/libcrt0.a(__low_level_init.o)
 .data          0x00000000000011fc        0x0 /usr/lib/gcc/msp430/4.6.3/mcpu-430x/mmpy-16/libcrt0.a(_copy_data.o)
 .data          0x00000000000011fc        0x0 /usr/lib/gcc/msp430/4.6.3/mcpu-430x/mmpy-16/libcrt0.a(_clear_bss.o)
 .data          0x00000000000011fc        0x0 /usr/lib/gcc/msp430/4.6.3/mcpu-430x/mmpy-16/libcrt0.a(__stop_progExec__.o)
 .data          0x00000000000011fc        0x0 /usr/lib/gcc/msp430/4.6.3/mcpu-430x/mmpy-16/libcrt0.a(_endless_loop__.o)
 .data          0x00000000000011fc        0x0 /usr/lib/gcc/msp430/4.6.3/mcpu-430x/mmpy-16/libcrt0.a(_unexpected_.o)
                0x00000000000011fc                . = ALIGN (0x2)
                0x00000000000011fc                _edata = .
                0x000000000000e3f2                PROVIDE (__data_load_start, LOADADDR (.data))
                0x00000000000000fc                PROVIDE (__data_size, SIZEOF (.data))

.bss            0x00000000000011fc     0x13aa load address 0x000000000000e4ee
                0x00000000000011fc                PROVIDE (__bss_start, .)
 *(.bss .bss.*)
 .bss           0x00000000000011fc        0x0 /usr/lib/gcc/msp430/4.6.3/mcpu-430x/mmpy-16/crt0ivtbl32.o
 .bss           0x00000000000011fc       0x66 tx.co
 .bss           0x0000000000001262        0x0 obj_cmote/contiki-z1-main.o
 .bss           0x0000000000001262        0x0 contiki-cmote.a(contiki-z1-plat)
 .bss           0x0000000000001262        0x0 contiki-cmote.a(msp430.o)
 .bss           0x0000000000001262        0x1 contiki-cmote.a(leds.o)
 .bss           0x0000000000001263        0x0 contiki-cmote.a(leds-arch.o)
 *fill*         0x0000000000001263        0x1 00
 .bss           0x0000000000001264        0x2 contiki-cmote.a(watchdog.o)
 .bss           0x0000000000001266        0xa contiki-cmote.a(cc2520.o)
                0x0000000000001266                packet_received
 .bss           0x0000000000001270        0x0 contiki-cmote.a(cc2520-arch.o)
 .bss           0x0000000000001270        0x8 contiki-cmote.a(button-sensor.o)
 .bss           0x0000000000001278        0xa contiki-cmote.a(uart1.o)
 .bss           0x0000000000001282        0x0 contiki-cmote.a(uart1-putchar.o)
 .bss           0x0000000000001282        0xa contiki-cmote.a(clock.o)
 .bss           0x000000000000128c        0x0 contiki-cmote.a(rtimer-arch.o)
 .bss           0x000000000000128c        0x0 contiki-cmote.a(autostart.o)
 .bss           0x000000000000128c        0x0 contiki-cmote.a(energest.o)
 .bss           0x000000000000128c        0x4 contiki-cmote.a(ctimer.o)
 .bss           0x0000000000001290        0x6 contiki-cmote.a(etimer.o)
 .bss           0x0000000000001296       0x42 contiki-cmote.a(process.o)
                0x0000000000001296                process_current
                0x0000000000001298                process_list
 .bss           0x00000000000012d8        0x2 contiki-cmote.a(rtimer.o)
 .bss           0x00000000000012da        0x0 contiki-cmote.a(timer.o)
 .bss           0x00000000000012da        0x0 contiki-cmote.a(list.o)
 .bss           0x00000000000012da        0x0 contiki-cmote.a(ringbuf.o)
 .bss           0x00000000000012da       0xb8 contiki-cmote.a(packetbuf.o)
 .bss           0x0000000000001392        0x0 contiki-cmote.a(linkaddr.o)
 .bss           0x0000000000001392       0x2a contiki-cmote.a(contikimac.o)
 .bss           0x00000000000013bc        0x2 contiki-cmote.a(spi.o)
                0x00000000000013bc                spi_busy
 .bss           0x00000000000013be        0x6 contiki-cmote.a(sensors.o)
 .bss           0x00000000000013c4      0x2d0 contiki-cmote.a(queuebuf.o)
 .bss           0x0000000000001694       0xa0 contiki-cmote.a(mac-sequence.o)
 .bss           0x0000000000001734        0x2 contiki-cmote.a(framer-802154.o)
 .bss           0x0000000000001736        0x0 contiki-cmote.a(frame802154.o)
 .bss           0x0000000000001736        0x0 contiki-cmote.a(mac.o)
 .bss           0x0000000000001736       0x8c contiki-cmote.a(csma.o)
 .bss           0x00000000000017c2        0x0 contiki-cmote.a(framer.o)
 .bss           0x00000000000017c2        0x0 contiki-cmote.a(nullsec.o)
 .bss           0x00000000000017c2        0x0 contiki-cmote.a(memb.o)
 .bss           0x00000000000017c2        0x0 contiki-cmote.a(random.o)
 .bss           0x00000000000017c2       0xc0 contiki-cmote.a(sicslowpan.o)
 .bss           0x0000000000001882       0x36 contiki-cmote.a(tcpip.o)
 .bss           0x00000000000018b8       0x96 contiki-cmote.a(rpl-dag.o)
 .bss           0x000000000000194e       0x18 contiki-cmote.a(rpl-timers.o)
 .bss           0x0000000000001966        0x0 contiki-cmote.a(rpl-ext-header.)
 .bss           0x0000000000001966        0x2 contiki-cmote.a(rpl.o)
 .bss           0x0000000000001968        0x0 contiki-cmote.a(rpl-mrhof.o)
 .bss           0x0000000000001968       0xda contiki-cmote.a(nbr-table.o)
 .bss           0x0000000000001a42        0x0 contiki-cmote.a(stimer.o)
 .bss           0x0000000000001a42       0x18 contiki-cmote.a(uip-ds6.o)
 .bss           0x0000000000001a5a      0x29c contiki-cmote.a(uip-ds6-route.o)
 .bss           0x0000000000001cf6       0x12 contiki-cmote.a(uip6.o)
                0x0000000000001cf6                uip_ext_opt_offset
                0x0000000000001cf8                uip_ext_len
                0x0000000000001cfa                uip_ext_bitmap
 .bss           0x0000000000001d08      0x23a contiki-cmote.a(uip-ds6-nbr.o)
 .bss           0x0000000000001f42        0xa contiki-cmote.a(uip-nd6.o)
 .bss           0x0000000000001f4c        0x0 contiki-cmote.a(uip-debug.o)
 .bss           0x0000000000001f4c        0x0 contiki-cmote.a(rpl-icmp6.o)
 .bss           0x0000000000001f4c       0x14 contiki-cmote.a(uip-icmp6.o)
 .bss           0x0000000000001f60        0x0 /usr/lib/gcc/msp430/4.6.3/mcpu-430x/mmpy-16/libgcc.a(_mulsi3.o)
 .bss           0x0000000000001f60        0x0 /usr/lib/gcc/msp430/4.6.3/mcpu-430x/mmpy-16/libgcc.a(_udivmod16.o)
 .bss           0x0000000000001f60        0x0 /usr/lib/gcc/msp430/4.6.3/mcpu-430x/mmpy-16/libgcc.a(_divmod16.o)
 .bss           0x0000000000001f60        0x0 /usr/lib/gcc/msp430/4.6.3/mcpu-430x/mmpy-16/libgcc.a(_udivmod32.o)
 .bss           0x0000000000001f60        0x0 /usr/lib/gcc/msp430/4.6.3/../../../../msp430/lib/mcpu-430x/mmpy-16/libc.a(strncmp.o)
 .bss           0x0000000000001f60        0x0 /usr/lib/gcc/msp430/4.6.3/../../../../msp430/lib/mcpu-430x/mmpy-16/libc.a(memcmp.o)
 .bss           0x0000000000001f60        0x0 /usr/lib/gcc/msp430/4.6.3/../../../../msp430/lib/mcpu-430x/mmpy-16/libc.a(memcpy.o)
 .bss           0x0000000000001f60        0x0 /usr/lib/gcc/msp430/4.6.3/../../../../msp430/lib/mcpu-430x/mmpy-16/libc.a(memmove.o)
 .bss           0x0000000000001f60        0x0 /usr/lib/gcc/msp430/4.6.3/../../../../msp430/lib/mcpu-430x/mmpy-16/libc.a(memset.o)
 .bss           0x0000000000001f60        0x0 /usr/lib/gcc/msp430/4.6.3/../../../../msp430/lib/mcpu-430x/mmpy-16/libc.a(printf.o)
 .bss           0x0000000000001f60        0x0 /usr/lib/gcc/msp430/4.6.3/../../../../msp430/lib/mcpu-430x/mmpy-16/libc.a(vuprintf.o)
 .bss           0x0000000000001f60        0x0 /usr/lib/gcc/msp430/4.6.3/../../../../msp430/lib/mcpu-430x/mmpy-16/libc.a(puts.o)
 .bss           0x0000000000001f60        0x0 /usr/lib/gcc/msp430/4.6.3/../../../../msp430/lib/mcpu-430x/mmpy-16/libc.a(rand.o)
 .bss           0x0000000000001f60        0x0 /usr/lib/gcc/msp430/4.6.3/mcpu-430x/mmpy-16/libgcc.a(_udivmod64.o)
 .bss           0x0000000000001f60        0x0 /usr/lib/gcc/msp430/4.6.3/mcpu-430x/mmpy-16/libcrt0.a(_reset_vector__.o)
 .bss           0x0000000000001f60        0x0 /usr/lib/gcc/msp430/4.6.3/mcpu-430x/mmpy-16/libcrt0.a(__watchdog_support.o)
 .bss           0x0000000000001f60        0x0 /usr/lib/gcc/msp430/4.6.3/mcpu-430x/mmpy-16/libcrt0.a(__init_stack.o)
 .bss           0x0000000000001f60        0x0 /usr/lib/gcc/msp430/4.6.3/mcpu-430x/mmpy-16/libcrt0.a(__low_level_init.o)
 .bss           0x0000000000001f60        0x0 /usr/lib/gcc/msp430/4.6.3/mcpu-430x/mmpy-16/libcrt0.a(_copy_data.o)
 .bss           0x0000000000001f60        0x0 /usr/lib/gcc/msp430/4.6.3/mcpu-430x/mmpy-16/libcrt0.a(_clear_bss.o)
 .bss           0x0000000000001f60        0x0 /usr/lib/gcc/msp430/4.6.3/mcpu-430x/mmpy-16/libcrt0.a(__stop_progExec__.o)
 .bss           0x0000000000001f60        0x0 /usr/lib/gcc/msp430/4.6.3/mcpu-430x/mmpy-16/libcrt0.a(_endless_loop__.o)
 .bss           0x0000000000001f60        0x0 /usr/lib/gcc/msp430/4.6.3/mcpu-430x/mmpy-16/libcrt0.a(_unexpected_.o)
 *(COMMON)
 COMMON         0x0000000000001f60       0x3c tx.co
                0x0000000000001f60                str
 COMMON         0x0000000000001f9c        0x2 obj_cmote/contiki-z1-main.o
                0x0000000000001f9c                sensors_flags
 COMMON         0x0000000000001f9e       0x93 contiki-cmote.a(cc2520.o)
                0x0000000000001f9e                cc2520_sfd_counter
                0x0000000000001fa0                cc2520_sfd_start_time
                0x0000000000001fa2                cc2520_sfd_end_time
                0x0000000000001fa4                cc2520_time_of_departure
                0x0000000000001fa6                cc2520_packets_seen
                0x0000000000001fa8                cc2520_packets_read
                0x0000000000001faa                cc2520_last_rssi
                0x0000000000001fac                cc2520_time_of_arrival
                0x0000000000001fae                data
                0x000000000000202e                cc2520_authority_level_of_sender
                0x0000000000002030                cc2520_last_correlation
 *fill*         0x0000000000002031        0x1 00
 COMMON         0x0000000000002032       0x56 contiki-cmote.a(energest.o)
                0x0000000000002032                energest_total_time
                0x0000000000002062                energest_total_count
                0x0000000000002064                energest_current_mode
                0x0000000000002070                energest_current_time
 COMMON         0x0000000000002088        0x1 contiki-cmote.a(process.o)
                0x0000000000002088                process_maxevents
 *fill*         0x0000000000002089        0x1 00
 COMMON         0x000000000000208a       0x2e contiki-cmote.a(packetbuf.o)
                0x000000000000208a                packetbuf_addrs
                0x000000000000209a                packetbuf_attrs
 COMMON         0x00000000000020b8        0x8 contiki-cmote.a(linkaddr.o)
                0x00000000000020b8                linkaddr_node_addr
 COMMON         0x00000000000020c0        0x1 contiki-cmote.a(sensors.o)
                0x00000000000020c0                sensors_event
 *fill*         0x00000000000020c1        0x1 00
 COMMON         0x00000000000020c2        0x8 contiki-cmote.a(sicslowpan.o)
                0x00000000000020c2                frag_sender
 COMMON         0x00000000000020ca        0x1 contiki-cmote.a(tcpip.o)
                0x00000000000020ca                tcpip_event
 *fill*         0x00000000000020cb        0x1 00
 COMMON         0x00000000000020cc       0xde contiki-cmote.a(rpl-dag.o)
                0x00000000000020cc                default_instance
                0x00000000000020ce                instance_table
 COMMON         0x00000000000021aa      0x15c contiki-cmote.a(uip-ds6.o)
                0x00000000000021aa                uip_ds6_timer_ra
                0x00000000000021b2                uip_ds6_if
                0x000000000000229e                uip_ds6_netif_addr_list_offset
                0x000000000000229f                uip_ds6_addr_size
                0x00000000000022a0                uip_ds6_prefix_list
                0x00000000000022fa                uip_ds6_timer_periodic
 COMMON         0x0000000000002306      0x2a0 contiki-cmote.a(uip6.o)
                0x0000000000002306                uip_len
                0x0000000000002308                uip_sappdata
                0x000000000000230a                uip_acc32
                0x000000000000230e                uip_lladdr
                0x0000000000002316                uip_aligned_buf
                0x00000000000023a2                uip_flags
                0x00000000000023a4                uip_next_hdr
                0x00000000000023a6                uip_udp_conn
                0x00000000000023a8                uip_appdata
                0x00000000000023aa                uip_conn
                0x00000000000023ac                uip_conns
                0x000000000000245c                uip_listenports
                0x000000000000246c                uip_slen
                0x000000000000246e                uip_udp_conns
                0x00000000000025a6                . = ALIGN (0x2)
                0x00000000000025a6                PROVIDE (__bss_end, .)
                0x00000000000013aa                PROVIDE (__bss_size, SIZEOF (.bss))

.noinit         0x00000000000025a6        0x2 load address 0x000000000000e4ee
                0x00000000000025a6                PROVIDE (__noinit_start, .)
 *(.noinit .noinit.*)
 .noinit.crt0   0x00000000000025a6        0x2 /usr/lib/gcc/msp430/4.6.3/mcpu-430x/mmpy-16/libcrt0.a(__watchdog_support.o)
                0x00000000000025a6                __wdt_clear_value
                0x00000000000025a8                . = ALIGN (0x2)
                0x00000000000025a8                PROVIDE (__noinit_end, .)
                0x00000000000025a8                . = ALIGN (0x2)
                0x00000000000025a8                _end = .

.infomem        0x0000000000001000        0x0
 *(.infomem)
                0x0000000000001000                . = ALIGN (0x2)
 *(.infomem.*)

.infomemnobits  0x0000000000001000        0x0
 *(.infomemnobits)
                0x0000000000001000                . = ALIGN (0x2)
 *(.infomemnobits.*)

.infoa
 *(.infoa .infoa.*)

.infob
 *(.infob .infob.*)

.infoc
 *(.infoc .infoc.*)

.infod
 *(.infod .infod.*)

.vectors        0x000000000000ffc0       0x40
                0x000000000000ffc0                PROVIDE (__vectors_start, .)
 *(.vectors*)
 .vectors       0x000000000000ffc0       0x40 /usr/lib/gcc/msp430/4.6.3/mcpu-430x/mmpy-16/crt0ivtbl32.o
                0x000000000000ffc0                __ivtbl_32
                0x0000000000010000                _vectors_end = .

.fartext        0x0000000000010000        0x0
                0x0000000000010000                . = ALIGN (0x2)
 *(.fartext)
                0x0000000000010000                . = ALIGN (0x2)
 *(.fartext.*)
                0x0000000000010000                _efartext = .

.profiler
 *(.profiler)

.stab           0x0000000000000000    0x268ec
 *(.stab)
 .stab          0x0000000000000000      0xaa4 tx.co
 .stab          0x0000000000000aa4     0x1224 obj_cmote/contiki-z1-main.o
                                       0x16ec (size before relaxing)
 .stab          0x0000000000001cc8      0x234 contiki-cmote.a(contiki-z1-plat)
                                        0x594 (size before relaxing)
 .stab          0x0000000000001efc      0x4d4 contiki-cmote.a(msp430.o)
                                        0x828 (size before relaxing)
 .stab          0x00000000000023d0      0x5dc contiki-cmote.a(leds.o)
                                        0x828 (size before relaxing)
 .stab          0x00000000000029ac      0x39c contiki-cmote.a(leds-arch.o)
                                        0x6f0 (size before relaxing)
 .stab          0x0000000000002d48      0x3fc contiki-cmote.a(watchdog.o)
                                        0x750 (size before relaxing)
 .stab          0x0000000000003144     0x288c contiki-cmote.a(cc2520.o)
                                       0x2f1c (size before relaxing)
 .stab          0x00000000000059d0      0xd2c contiki-cmote.a(cc2520-arch.o)
                                       0x17a0 (size before relaxing)
 .stab          0x00000000000066fc      0x468 contiki-cmote.a(button-sensor.o)
                                        0x7d4 (size before relaxing)
 .stab          0x0000000000006b64      0x6c0 contiki-cmote.a(uart1.o)
                                        0xbb8 (size before relaxing)
 .stab          0x0000000000007224      0x2a0 contiki-cmote.a(uart1-putchar.o)
                                        0x7e0 (size before relaxing)
 .stab          0x00000000000074c4      0x948 contiki-cmote.a(clock.o)
                                        0xc9c (size before relaxing)
 .stab          0x0000000000007e0c      0x3cc contiki-cmote.a(rtimer-arch.o)
                                        0x720 (size before relaxing)
 .stab          0x00000000000081d8      0x294 contiki-cmote.a(autostart.o)
                                        0x534 (size before relaxing)
 .stab          0x000000000000846c      0x474 contiki-cmote.a(energest.o)
                                        0x6fc (size before relaxing)
 .stab          0x00000000000088e0      0x858 contiki-cmote.a(ctimer.o)
                                        0xbc4 (size before relaxing)
 .stab          0x0000000000009138      0xabc contiki-cmote.a(etimer.o)
                                        0xd8c (size before relaxing)
 .stab          0x0000000000009bf4      0xb7c contiki-cmote.a(process.o)
                                       0x1014 (size before relaxing)
 .stab          0x000000000000a770      0x3d8 contiki-cmote.a(rtimer.o)
                                        0x6c0 (size before relaxing)
 .stab          0x000000000000ab48      0x354 contiki-cmote.a(timer.o)
                                        0x594 (size before relaxing)
 .stab          0x000000000000ae9c      0x7f8 contiki-cmote.a(list.o)
                                        0x804 (size before relaxing)
 .stab          0x000000000000b694      0x3fc contiki-cmote.a(ringbuf.o)
                                        0x63c (size before relaxing)
 .stab          0x000000000000ba90      0xdbc contiki-cmote.a(packetbuf.o)
                                       0x1ee4 (size before relaxing)
 .stab          0x000000000000c84c      0x2c4 contiki-cmote.a(linkaddr.o)
                                        0x6c0 (size before relaxing)
 .stab          0x000000000000cb10     0x1a28 contiki-cmote.a(contikimac.o)
                                       0x222c (size before relaxing)
 .stab          0x000000000000e538      0x270 contiki-cmote.a(spi.o)
                                        0x5c4 (size before relaxing)
 .stab          0x000000000000e7a8      0x654 contiki-cmote.a(sensors.o)
                                        0xb70 (size before relaxing)
 .stab          0x000000000000edfc      0xaa4 contiki-cmote.a(queuebuf.o)
                                       0x1bb4 (size before relaxing)
 .stab          0x000000000000f8a0      0x660 contiki-cmote.a(mac-sequence.o)
                                       0x1788 (size before relaxing)
 .stab          0x000000000000ff00      0x930 contiki-cmote.a(framer-802154.o)
                                        0xf54 (size before relaxing)
 .stab          0x0000000000010830      0x930 contiki-cmote.a(frame802154.o)
                                       0x1104 (size before relaxing)
 .stab          0x0000000000011160      0x1f8 contiki-cmote.a(mac.o)
                                        0x4ec (size before relaxing)
 .stab          0x0000000000011358      0xdf8 contiki-cmote.a(csma.o)
                                       0x15a8 (size before relaxing)
 .stab          0x0000000000012150      0x3fc contiki-cmote.a(framer.o)
                                        0xc54 (size before relaxing)
 .stab          0x000000000001254c      0x768 contiki-cmote.a(nullsec.o)
                                        0xdb0 (size before relaxing)
 .stab          0x0000000000012cb4      0x5c4 contiki-cmote.a(memb.o)
                                        0xaf8 (size before relaxing)
 .stab          0x0000000000013278      0x228 contiki-cmote.a(random.o)
                                        0x624 (size before relaxing)
 .stab          0x00000000000134a0     0x1fb0 contiki-cmote.a(sicslowpan.o)
                                       0x2ef8 (size before relaxing)
 .stab          0x0000000000015450     0x1590 contiki-cmote.a(tcpip.o)
                                       0x26d0 (size before relaxing)
 .stab          0x00000000000169e0     0x309c contiki-cmote.a(rpl-dag.o)
                                       0x3c18 (size before relaxing)
 .stab          0x0000000000019a7c      0xc6c contiki-cmote.a(rpl-timers.o)
                                       0x18cc (size before relaxing)
 .stab          0x000000000001a6e8      0xa5c contiki-cmote.a(rpl-ext-header.)
                                       0x180c (size before relaxing)
 .stab          0x000000000001b144      0xa80 contiki-cmote.a(rpl.o)
                                       0x17d0 (size before relaxing)
 .stab          0x000000000001bbc4      0x8ac contiki-cmote.a(rpl-mrhof.o)
                                       0x159c (size before relaxing)
 .stab          0x000000000001c470      0xd80 contiki-cmote.a(nbr-table.o)
                                       0x1428 (size before relaxing)
 .stab          0x000000000001d1f0      0x3c0 contiki-cmote.a(stimer.o)
                                        0x600 (size before relaxing)
 .stab          0x000000000001d5b0     0x13a4 contiki-cmote.a(uip-ds6.o)
                                       0x1f74 (size before relaxing)
 .stab          0x000000000001e954     0x1260 contiki-cmote.a(uip-ds6-route.o)
                                       0x1de8 (size before relaxing)
 .stab          0x000000000001fbb4     0x2a30 contiki-cmote.a(uip6.o)
                                       0x375c (size before relaxing)
 .stab          0x00000000000225e4      0xd50 contiki-cmote.a(uip-ds6-nbr.o)
                                       0x1818 (size before relaxing)
 .stab          0x0000000000023334      0xd20 contiki-cmote.a(uip-nd6.o)
                                       0x18fc (size before relaxing)
 .stab          0x0000000000024054      0x444 contiki-cmote.a(uip-debug.o)
                                        0xbd0 (size before relaxing)
 .stab          0x0000000000024498     0x1764 contiki-cmote.a(rpl-icmp6.o)
                                       0x2568 (size before relaxing)
 .stab          0x0000000000025bfc      0xcf0 contiki-cmote.a(uip-icmp6.o)
                                       0x1968 (size before relaxing)

.stabstr        0x0000000000000000    0x1ab89
 *(.stabstr)
 .stabstr       0x0000000000000000    0x1ab89 tx.co

.stab.excl
 *(.stab.excl)

.stab.exclstr
 *(.stab.exclstr)

.stab.index
 *(.stab.index)

.stab.indexstr
 *(.stab.indexstr)

.comment
 *(.comment)

.debug
 *(.debug)

.line
 *(.line)

.debug_srcinfo
 *(.debug_srcinfo)

.debug_sfnames
 *(.debug_sfnames)

.debug_aranges  0x0000000000000000      0x190
 *(.debug_aranges)
 .debug_aranges
                0x0000000000000000       0x14 /usr/lib/gcc/msp430/4.6.3/mcpu-430x/mmpy-16/libgcc.a(_mulsi3.o)
 .debug_aranges
                0x0000000000000014       0x14 /usr/lib/gcc/msp430/4.6.3/mcpu-430x/mmpy-16/libgcc.a(_udivmod16.o)
 .debug_aranges
                0x0000000000000028       0x14 /usr/lib/gcc/msp430/4.6.3/mcpu-430x/mmpy-16/libgcc.a(_divmod16.o)
 .debug_aranges
                0x000000000000003c       0x14 /usr/lib/gcc/msp430/4.6.3/mcpu-430x/mmpy-16/libgcc.a(_udivmod32.o)
 .debug_aranges
                0x0000000000000050       0x14 /usr/lib/gcc/msp430/4.6.3/../../../../msp430/lib/mcpu-430x/mmpy-16/libc.a(strncmp.o)
 .debug_aranges
                0x0000000000000064       0x14 /usr/lib/gcc/msp430/4.6.3/../../../../msp430/lib/mcpu-430x/mmpy-16/libc.a(memcmp.o)
 .debug_aranges
                0x0000000000000078       0x14 /usr/lib/gcc/msp430/4.6.3/../../../../msp430/lib/mcpu-430x/mmpy-16/libc.a(memcpy.o)
 .debug_aranges
                0x000000000000008c       0x14 /usr/lib/gcc/msp430/4.6.3/../../../../msp430/lib/mcpu-430x/mmpy-16/libc.a(memmove.o)
 .debug_aranges
                0x00000000000000a0       0x14 /usr/lib/gcc/msp430/4.6.3/../../../../msp430/lib/mcpu-430x/mmpy-16/libc.a(memset.o)
 .debug_aranges
                0x00000000000000b4       0x14 /usr/lib/gcc/msp430/4.6.3/../../../../msp430/lib/mcpu-430x/mmpy-16/libc.a(printf.o)
 .debug_aranges
                0x00000000000000c8       0x14 /usr/lib/gcc/msp430/4.6.3/../../../../msp430/lib/mcpu-430x/mmpy-16/libc.a(vuprintf.o)
 .debug_aranges
                0x00000000000000dc       0x14 /usr/lib/gcc/msp430/4.6.3/../../../../msp430/lib/mcpu-430x/mmpy-16/libc.a(puts.o)
 .debug_aranges
                0x00000000000000f0       0x14 /usr/lib/gcc/msp430/4.6.3/../../../../msp430/lib/mcpu-430x/mmpy-16/libc.a(rand.o)
 .debug_aranges
                0x0000000000000104       0x14 /usr/lib/gcc/msp430/4.6.3/mcpu-430x/mmpy-16/libgcc.a(_udivmod64.o)
 .debug_aranges
                0x0000000000000118       0x14 /usr/lib/gcc/msp430/4.6.3/mcpu-430x/mmpy-16/libcrt0.a(__watchdog_support.o)
 .debug_aranges
                0x000000000000012c       0x14 /usr/lib/gcc/msp430/4.6.3/mcpu-430x/mmpy-16/libcrt0.a(__init_stack.o)
 .debug_aranges
                0x0000000000000140       0x14 /usr/lib/gcc/msp430/4.6.3/mcpu-430x/mmpy-16/libcrt0.a(_copy_data.o)
 .debug_aranges
                0x0000000000000154       0x14 /usr/lib/gcc/msp430/4.6.3/mcpu-430x/mmpy-16/libcrt0.a(_clear_bss.o)
 .debug_aranges
                0x0000000000000168       0x14 /usr/lib/gcc/msp430/4.6.3/mcpu-430x/mmpy-16/libcrt0.a(_endless_loop__.o)
 .debug_aranges
                0x000000000000017c       0x14 /usr/lib/gcc/msp430/4.6.3/mcpu-430x/mmpy-16/libcrt0.a(_unexpected_.o)

.debug_pubnames
 *(.debug_pubnames)

.debug_info     0x0000000000000000     0x16a4
 *(.debug_info)
 .debug_info    0x0000000000000000       0xf6 /usr/lib/gcc/msp430/4.6.3/mcpu-430x/mmpy-16/libgcc.a(_mulsi3.o)
 .debug_info    0x00000000000000f6       0xf6 /usr/lib/gcc/msp430/4.6.3/mcpu-430x/mmpy-16/libgcc.a(_udivmod16.o)
 .debug_info    0x00000000000001ec       0xf6 /usr/lib/gcc/msp430/4.6.3/mcpu-430x/mmpy-16/libgcc.a(_divmod16.o)
 .debug_info    0x00000000000002e2       0xf6 /usr/lib/gcc/msp430/4.6.3/mcpu-430x/mmpy-16/libgcc.a(_udivmod32.o)
 .debug_info    0x00000000000003d8       0xbb /usr/lib/gcc/msp430/4.6.3/../../../../msp430/lib/mcpu-430x/mmpy-16/libc.a(strncmp.o)
 .debug_info    0x0000000000000493       0xe8 /usr/lib/gcc/msp430/4.6.3/../../../../msp430/lib/mcpu-430x/mmpy-16/libc.a(memcmp.o)
 .debug_info    0x000000000000057b      0x111 /usr/lib/gcc/msp430/4.6.3/../../../../msp430/lib/mcpu-430x/mmpy-16/libc.a(memcpy.o)
 .debug_info    0x000000000000068c      0x111 /usr/lib/gcc/msp430/4.6.3/../../../../msp430/lib/mcpu-430x/mmpy-16/libc.a(memmove.o)
 .debug_info    0x000000000000079d       0xfe /usr/lib/gcc/msp430/4.6.3/../../../../msp430/lib/mcpu-430x/mmpy-16/libc.a(memset.o)
 .debug_info    0x000000000000089b      0x105 /usr/lib/gcc/msp430/4.6.3/../../../../msp430/lib/mcpu-430x/mmpy-16/libc.a(printf.o)
 .debug_info    0x00000000000009a0      0x565 /usr/lib/gcc/msp430/4.6.3/../../../../msp430/lib/mcpu-430x/mmpy-16/libc.a(vuprintf.o)
 .debug_info    0x0000000000000f05       0x96 /usr/lib/gcc/msp430/4.6.3/../../../../msp430/lib/mcpu-430x/mmpy-16/libc.a(puts.o)
 .debug_info    0x0000000000000f9b      0x13f /usr/lib/gcc/msp430/4.6.3/../../../../msp430/lib/mcpu-430x/mmpy-16/libc.a(rand.o)
 .debug_info    0x00000000000010da       0xf6 /usr/lib/gcc/msp430/4.6.3/mcpu-430x/mmpy-16/libgcc.a(_udivmod64.o)
 .debug_info    0x00000000000011d0       0xce /usr/lib/gcc/msp430/4.6.3/mcpu-430x/mmpy-16/libcrt0.a(__watchdog_support.o)
 .debug_info    0x000000000000129e       0xce /usr/lib/gcc/msp430/4.6.3/mcpu-430x/mmpy-16/libcrt0.a(__init_stack.o)
 .debug_info    0x000000000000136c       0xce /usr/lib/gcc/msp430/4.6.3/mcpu-430x/mmpy-16/libcrt0.a(_copy_data.o)
 .debug_info    0x000000000000143a       0xce /usr/lib/gcc/msp430/4.6.3/mcpu-430x/mmpy-16/libcrt0.a(_clear_bss.o)
 .debug_info    0x0000000000001508       0xce /usr/lib/gcc/msp430/4.6.3/mcpu-430x/mmpy-16/libcrt0.a(_endless_loop__.o)
 .debug_info    0x00000000000015d6       0xce /usr/lib/gcc/msp430/4.6.3/mcpu-430x/mmpy-16/libcrt0.a(_unexpected_.o)
 *(.gnu.linkonce.wi.*)

.debug_abbrev   0x0000000000000000      0x7ea
 *(.debug_abbrev)
 .debug_abbrev  0x0000000000000000       0x14 /usr/lib/gcc/msp430/4.6.3/mcpu-430x/mmpy-16/libgcc.a(_mulsi3.o)
 .debug_abbrev  0x0000000000000014       0x14 /usr/lib/gcc/msp430/4.6.3/mcpu-430x/mmpy-16/libgcc.a(_udivmod16.o)
 .debug_abbrev  0x0000000000000028       0x14 /usr/lib/gcc/msp430/4.6.3/mcpu-430x/mmpy-16/libgcc.a(_divmod16.o)
 .debug_abbrev  0x000000000000003c       0x14 /usr/lib/gcc/msp430/4.6.3/mcpu-430x/mmpy-16/libgcc.a(_udivmod32.o)
 .debug_abbrev  0x0000000000000050       0x7c /usr/lib/gcc/msp430/4.6.3/../../../../msp430/lib/mcpu-430x/mmpy-16/libc.a(strncmp.o)
 .debug_abbrev  0x00000000000000cc       0x9b /usr/lib/gcc/msp430/4.6.3/../../../../msp430/lib/mcpu-430x/mmpy-16/libc.a(memcmp.o)
 .debug_abbrev  0x0000000000000167       0xa6 /usr/lib/gcc/msp430/4.6.3/../../../../msp430/lib/mcpu-430x/mmpy-16/libc.a(memcpy.o)
 .debug_abbrev  0x000000000000020d       0xa6 /usr/lib/gcc/msp430/4.6.3/../../../../msp430/lib/mcpu-430x/mmpy-16/libc.a(memmove.o)
 .debug_abbrev  0x00000000000002b3       0x9c /usr/lib/gcc/msp430/4.6.3/../../../../msp430/lib/mcpu-430x/mmpy-16/libc.a(memset.o)
 .debug_abbrev  0x000000000000034f       0xd0 /usr/lib/gcc/msp430/4.6.3/../../../../msp430/lib/mcpu-430x/mmpy-16/libc.a(printf.o)
 .debug_abbrev  0x000000000000041f      0x1ef /usr/lib/gcc/msp430/4.6.3/../../../../msp430/lib/mcpu-430x/mmpy-16/libc.a(vuprintf.o)
 .debug_abbrev  0x000000000000060e       0x60 /usr/lib/gcc/msp430/4.6.3/../../../../msp430/lib/mcpu-430x/mmpy-16/libc.a(puts.o)
 .debug_abbrev  0x000000000000066e       0xf0 /usr/lib/gcc/msp430/4.6.3/../../../../msp430/lib/mcpu-430x/mmpy-16/libc.a(rand.o)